#
# There is insufficient memory for the Java Runtime Environment to continue.
# Native memory allocation (mmap) failed to map 96468992 bytes. Error detail: G1 virtual space
# Possible reasons:
#   The system is out of physical RAM or swap space
#   This process is running with CompressedOops enabled, and the Java Heap may be blocking the growth of the native heap
# Possible solutions:
#   Reduce memory load on the system
#   Increase physical memory or swap space
#   Check if swap backing store is full
#   Decrease Java heap size (-Xmx/-Xms)
#   Decrease number of Java threads
#   Decrease Java thread stack sizes (-Xss)
#   Set larger code cache with -XX:ReservedCodeCacheSize=
#   JVM is running with Unscaled Compressed Oops mode in which the Java heap is
#     placed in the first 4GB address space. The Java Heap base address is the
#     maximum limit for the native heap growth. Please use -XX:HeapBaseMinAddress
#     to set the Java Heap base and to place the Java Heap above 4GB virtual address.
# This output file may be truncated or incomplete.
#
#  Out of Memory Error (os_windows.cpp:3735), pid=33028, tid=25232
#
# JRE version:  (21.0.12.1+1) (build )
# Java VM: OpenJDK 64-Bit Server VM (21.0.12.1+1-LTS, mixed mode, sharing, tiered, compressed oops, compressed class ptrs, g1 gc, windows-amd64)
# No core dump will be written. Minidumps are not enabled by default on client versions of Windows
#

---------------  S U M M A R Y ------------

Command Line: -Dnet.bytebuddy.agent.attacher.dump= net.bytebuddy.agent.Attacher com.sun.tools.attach.VirtualMachine 22400 C:\Users\rakib\.m2\repository\net\bytebuddy\byte-buddy-agent\1.18.11\byte-buddy-agent-1.18.11.jar false 

Host: AMD Ryzen 3 7320U with Radeon Graphics         , 8 cores, 5G,  Windows 11 , 64 bit Build 26100 (10.0.26100.9549)
Time: Thu Oct  1 20:05:03 2026 India Standard Time elapsed time: 0.103795 seconds (0d 0h 0m 0s)

---------------  T H R E A D  ---------------

Current thread (0x000001f1e9313ec0):  JavaThread "Unknown thread" [_thread_in_vm, id=25232, stack(0x0000003546000000,0x0000003546100000) (1024K)]

Stack: [0x0000003546000000,0x0000003546100000]
Native frames: (J=compiled Java code, j=interpreted, Vv=VM code, C=native code)
V  [jvm.dll+0x6e0c09]  (no source info available)
V  [jvm.dll+0x8c0e1b]  (no source info available)
V  [jvm.dll+0x8c33ad]  (no source info available)
V  [jvm.dll+0x8c3a83]  (no source info available)
V  [jvm.dll+0x28ac66]  (no source info available)
V  [jvm.dll+0x6e00b5]  (no source info available)
V  [jvm.dll+0x6d3b6a]  (no source info available)
V  [jvm.dll+0x367f2e]  (no source info available)
V  [jvm.dll+0x36fdfb]  (no source info available)
V  [jvm.dll+0x3c1909]  (no source info available)
V  [jvm.dll+0x3c1bab]  (no source info available)
V  [jvm.dll+0x33b527]  (no source info available)
V  [jvm.dll+0x33c071]  (no source info available)
V  [jvm.dll+0x88b34e]  (no source info available)
V  [jvm.dll+0x3ce861]  (no source info available)
V  [jvm.dll+0x87423c]  (no source info available)
V  [jvm.dll+0x462471]  (no source info available)
V  [jvm.dll+0x4640b1]  (no source info available)
C  [jli.dll+0x52f8]  (no source info available)
C  [ucrtbase.dll+0x2cd30]  (no source info available)
C  [KERNEL32.DLL+0x2cdf7]  (no source info available)
C  [ntdll.dll+0x7ee4c]  (no source info available)


---------------  P R O C E S S  ---------------

Threads class SMR info:
_java_thread_list=0x00007ffe790482c8, length=0, elements={
}

Java Threads: ( => current thread )
Total: 0

Other Threads:
  0x000001f1eb6e7030 WorkerThread "GC Thread#0"                     [id=16328, stack(0x0000003546100000,0x0000003546200000) (1024K)]
  0x000001f1eb6f47f0 ConcurrentGCThread "G1 Main Marker"            [id=25992, stack(0x0000003546200000,0x0000003546300000) (1024K)]
  0x000001f1eb6f8a00 WorkerThread "G1 Conc#0"                       [id=32860, stack(0x0000003546300000,0x0000003546400000) (1024K)]

[error occurred during error reporting (printing all threads), id 0xc0000005, EXCEPTION_ACCESS_VIOLATION (0xc0000005) at pc=0x00007ffe7873e277]
VM state: not at safepoint (not fully initialized)

VM Mutex/Monitor currently owned by a thread:  ([mutex/lock_event])
[0x00007ffe790bc9f0] Heap_lock - owner thread: 0x000001f1e9313ec0

Heap address: 0x00000000a4200000, size: 1470 MB, Compressed Oops mode: 32-bit

CDS archive(s) mapped at: [0x0000000000000000-0x0000000000000000-0x0000000000000000), size 0, SharedBaseAddress: 0x0000000800000000, ArchiveRelocationMode: 1.
Narrow klass base: 0x0000000000000000, Narrow klass shift: 0, Narrow klass range: 0x0

GC Precious Log:
 CardTable entry size: 512
 Card Set container configuration: InlinePtr #cards 5 size 8 Array Of Cards #cards 12 size 40 Howl #buckets 4 coarsen threshold 1843 Howl Bitmap #cards 512 size 80 coarsen threshold 460 Card regions per heap region 1 cards per card region 2048

Heap:
 garbage-first heap   total 0K, used 0K [0x00000000a4200000, 0x0000000100000000)
  region size 1024K, 0 young (0K), 0 survivors (0K)

[error occurred during error reporting (printing heap information), id 0xc0000005, EXCEPTION_ACCESS_VIOLATION (0xc0000005) at pc=0x00007ffe78b2db99]
GC Heap History (0 events):
No events

Dll operation events (2 events):
Event: 0.018 Attempting to load shared library C:\Program Files\Microsoft\jdk-21.0.12.101-hotspot\bin\java.dll
Event: 0.019 Loaded shared library C:\Program Files\Microsoft\jdk-21.0.12.101-hotspot\bin\java.dll

Deoptimization events (0 events):
No events

Classes loaded (0 events):
No events

Classes unloaded (0 events):
No events

Classes redefined (0 events):
No events

Internal exceptions (0 events):
No events

ZGC Phase Switch (0 events):
No events

VM Operations (0 events):
No events

Memory protections (0 events):
No events

Nmethod flushes (0 events):
No events

Events (0 events):
No events


Dynamic libraries:
0x00007ff78e130000 - 0x00007ff78e13e000 	C:\Program Files\Microsoft\jdk-21.0.12.101-hotspot\bin\java.exe
0x00007fff70da0000 - 0x00007fff71007000 	C:\WINDOWS\SYSTEM32\ntdll.dll
0x00007fff37110000 - 0x00007fff37131000 	C:\Program Files\Avast Software\Avast\aswhook.dll
0x00007fff6fde0000 - 0x00007fff6feab000 	C:\WINDOWS\System32\KERNEL32.DLL
0x00007fff6e490000 - 0x00007fff6e891000 	C:\WINDOWS\System32\KERNELBASE.dll
0x00007fff6e280000 - 0x00007fff6e3cc000 	C:\WINDOWS\System32\ucrtbase.dll
0x00007fff36620000 - 0x00007fff3663e000 	C:\Program Files\Microsoft\jdk-21.0.12.101-hotspot\bin\VCRUNTIME140.dll
0x00007fff36550000 - 0x00007fff36568000 	C:\Program Files\Microsoft\jdk-21.0.12.101-hotspot\bin\jli.dll
0x00007fff6eb50000 - 0x00007fff6ed27000 	C:\WINDOWS\System32\USER32.dll
0x00007fff6ea90000 - 0x00007fff6eab7000 	C:\WINDOWS\System32\win32u.dll
0x00007fff4c6d0000 - 0x00007fff4c960000 	C:\WINDOWS\WinSxS\amd64_microsoft.windows.common-controls_6595b64144ccf1df_6.0.26100.9549_none_3e0a0396e3330090\COMCTL32.dll
0x00007fff70690000 - 0x00007fff706bb000 	C:\WINDOWS\System32\GDI32.dll
0x00007fff6ed30000 - 0x00007fff6edd9000 	C:\WINDOWS\System32\msvcrt.dll
0x00007fff6e8a0000 - 0x00007fff6e9c8000 	C:\WINDOWS\System32\gdi32full.dll
0x00007fff6e3e0000 - 0x00007fff6e483000 	C:\WINDOWS\System32\msvcp_win.dll
0x00007fff6ef80000 - 0x00007fff6efb1000 	C:\WINDOWS\System32\IMM32.DLL
0x00007fff58a70000 - 0x00007fff58a7c000 	C:\Program Files\Microsoft\jdk-21.0.12.101-hotspot\bin\vcruntime140_1.dll
0x00007fff291f0000 - 0x00007fff29279000 	C:\Program Files\Microsoft\jdk-21.0.12.101-hotspot\bin\msvcp140.dll
0x00007ffe783f0000 - 0x00007ffe7919f000 	C:\Program Files\Microsoft\jdk-21.0.12.101-hotspot\bin\server\jvm.dll
0x00007fff6fad0000 - 0x00007fff6fb8b000 	C:\WINDOWS\System32\ADVAPI32.dll
0x00007fff70740000 - 0x00007fff707e8000 	C:\WINDOWS\System32\sechost.dll
0x00007fff707f0000 - 0x00007fff70908000 	C:\WINDOWS\System32\RPCRT4.dll
0x00007fff6f2b0000 - 0x00007fff6f331000 	C:\WINDOWS\System32\WS2_32.dll
0x00007fff6ddf0000 - 0x00007fff6de4e000 	C:\WINDOWS\SYSTEM32\POWRPROF.dll
0x00007fff63d20000 - 0x00007fff63d2b000 	C:\WINDOWS\SYSTEM32\VERSION.dll
0x00007fff64210000 - 0x00007fff64247000 	C:\WINDOWS\SYSTEM32\WINMM.dll
0x00007fff6ddd0000 - 0x00007fff6dde5000 	C:\WINDOWS\SYSTEM32\UMPDC.dll
0x00007fff6cc40000 - 0x00007fff6cc5b000 	C:\WINDOWS\SYSTEM32\kernel.appcore.dll
0x00007fff58250000 - 0x00007fff5825a000 	C:\Program Files\Microsoft\jdk-21.0.12.101-hotspot\bin\jimage.dll
0x00007fff6b530000 - 0x00007fff6b77c000 	C:\WINDOWS\SYSTEM32\DBGHELP.DLL
0x00007fff70910000 - 0x00007fff70c9a000 	C:\WINDOWS\System32\combase.dll
0x00007fff6f340000 - 0x00007fff6f419000 	C:\WINDOWS\System32\OLEAUT32.dll
0x00007fff5dc80000 - 0x00007fff5dcbb000 	C:\WINDOWS\SYSTEM32\dbgcore.DLL
0x00007fff6e9d0000 - 0x00007fff6ea7c000 	C:\WINDOWS\System32\bcryptPrimitives.dll
0x00007fff36400000 - 0x00007fff36421000 	C:\Program Files\Microsoft\jdk-21.0.12.101-hotspot\bin\java.dll

JVMTI agents: none

dbghelp: loaded successfully - version: 4.0.5 - missing functions: none
symbol engine: initialized successfully - sym options: 0x614 - pdb path: .;C:\Program Files\Microsoft\jdk-21.0.12.101-hotspot\bin;C:\WINDOWS\SYSTEM32;C:\Program Files\Avast Software\Avast;C:\WINDOWS\WinSxS\amd64_microsoft.windows.common-controls_6595b64144ccf1df_6.0.26100.9549_none_3e0a0396e3330090;C:\Program Files\Microsoft\jdk-21.0.12.101-hotspot\bin\server

VM Arguments:
jvm_args: -Dnet.bytebuddy.agent.attacher.dump= 
java_command: net.bytebuddy.agent.Attacher com.sun.tools.attach.VirtualMachine 22400 C:\Users\rakib\.m2\repository\net\bytebuddy\byte-buddy-agent\1.18.11\byte-buddy-agent-1.18.11.jar false 
java_class_path (initial): C:\Users\rakib\.m2\repository\net\bytebuddy\byte-buddy-agent\1.18.11\byte-buddy-agent-1.18.11.jar
Launcher Type: SUN_STANDARD

[Global flags]
     intx CICompilerCount                          = 4                                         {product} {ergonomic}
     uint ConcGCThreads                            = 2                                         {product} {ergonomic}
     uint G1ConcRefinementThreads                  = 8                                         {product} {ergonomic}
   size_t G1HeapRegionSize                         = 1048576                                   {product} {ergonomic}
    uintx GCDrainStackTargetSize                   = 64                                        {product} {ergonomic}
   size_t InitialHeapSize                          = 96468992                                  {product} {ergonomic}
   size_t MarkStackSize                            = 4194304                                   {product} {ergonomic}
   size_t MaxHeapSize                              = 1541406720                                {product} {ergonomic}
   size_t MinHeapDeltaBytes                        = 1048576                                   {product} {ergonomic}
   size_t MinHeapSize                              = 8388608                                   {product} {ergonomic}
    uintx NonNMethodCodeHeapSize                   = 5839372                                {pd product} {ergonomic}
    uintx NonProfiledCodeHeapSize                  = 122909434                              {pd product} {ergonomic}
    uintx ProfiledCodeHeapSize                     = 122909434                              {pd product} {ergonomic}
    uintx ReservedCodeCacheSize                    = 251658240                              {pd product} {ergonomic}
     bool SegmentedCodeCache                       = true                                      {product} {ergonomic}
   size_t SoftMaxHeapSize                          = 1541406720                             {manageable} {ergonomic}
     bool UseCompressedOops                        = true                           {product lp64_product} {ergonomic}
     bool UseG1GC                                  = true                                      {product} {ergonomic}
     bool UseLargePagesIndividualAllocation        = false                                  {pd product} {ergonomic}

Logging:
Log output configuration:
 #0: stdout all=warning uptime,level,tags foldmultilines=false
 #1: stderr all=off uptime,level,tags foldmultilines=false

Release file:
<release file has not been read>
Environment Variables:
JAVA_HOME=C:\Program Files\Microsoft\jdk-21.0.12.101-hotspot\
PATH=C:\Program Files\Microsoft\jdk-21.0.12.101-hotspot\bin;C:\Python314\Scripts\;C:\Python314\;C:\Program Files\Common Files\Oracle\Java\javapath;C:\WINDOWS\system32;C:\WINDOWS;C:\WINDOWS\System32\Wbem;C:\WINDOWS\System32\WindowsPowerShell\v1.0\;C:\WINDOWS\System32\OpenSSH\;C:\Program Files\Java\jdk-20\bin;C:\Program Files\nodejs\;C:\ProgramData\chocolatey\bin;C:\Program Files\Git\cmd;C:\Program Files\MySQL\MySQL Shell 8.0\bin\;C:\Users\rakib\.console-ninja\.bin;C:\Users\rakib\AppData\Local\Microsoft\WindowsApps;C:\Users\rakib\AppData\Local\Programs\Microsoft VS Code\bin;C:\Program Files\JetBrains\IntelliJ IDEA Community Edition 2024.3.4\bin;;C:\Users\rakib\AppData\Local\Microsoft\WindowsApps;C:\Users\rakib\AppData\Roaming\npm
USERNAME=rakib
OS=Windows_NT
PROCESSOR_IDENTIFIER=AMD64 Family 23 Model 160 Stepping 0, AuthenticAMD
TMP=C:\Users\rakib\AppData\Local\Temp
TEMP=C:\Users\rakib\AppData\Local\Temp




Periodic native trim disabled

---------------  S Y S T E M  ---------------

OS:
 Windows 11 , 64 bit Build 26100 (10.0.26100.9549)
OS uptime: 2 days 1:14 hours
Hyper-V role detected

CPU: total 8 (initial active 8) (8 cores per cpu, 2 threads per core) family 23 model 160 stepping 0 microcode 0x8a00006, cx8, cmov, fxsr, ht, mmx, 3dnowpref, sse, sse2, sse3, ssse3, sse4a, sse4.1, sse4.2, popcnt, lzcnt, tsc, tscinvbit, avx, avx2, aes, clmul, bmi1, bmi2, adx, sha, fma, vzeroupper, clflush, clflushopt, hv, rdtscp, rdpid, f16c
Processor Information for the first 8 processors :
  Max Mhz: 2401, Current Mhz: 2401, Mhz Limit: 2401

Memory: 4k page, system-wide physical 5877M (143M free)
TotalPageFile size 24309M (AvailPageFile size 10M)
current process WorkingSet (physical memory assigned to process): 12M, peak: 12M
current process commit charge ("private bytes"): 60M, peak: 152M

vm_info: OpenJDK 64-Bit Server VM (21.0.12.1+1-LTS) for windows-amd64 JRE (21.0.12.1+1-LTS), built on 2026-08-11T20:50:01Z by "MicrosoftCorporation" with MS VC++ 17.14 (VS2022)

END.
