#
# There is insufficient memory for the Java Runtime Environment to continue.
# Native memory allocation (malloc) failed to allocate 2175024 bytes. Error detail: Chunk::new
# Possible reasons:
#   The system is out of physical RAM or swap space
#   This process is running with CompressedOops enabled, and the Java Heap may be blocking the growth of the native heap
# Possible solutions:
#   Reduce memory load on the system
#   Increase physical memory or swap space
#   Check if swap backing store is full
#   Decrease Java heap size (-Xmx/-Xms)
#   Decrease number of Java threads
#   Decrease Java thread stack sizes (-Xss)
#   Set larger code cache with -XX:ReservedCodeCacheSize=
#   JVM is running with Unscaled Compressed Oops mode in which the Java heap is
#     placed in the first 4GB address space. The Java Heap base address is the
#     maximum limit for the native heap growth. Please use -XX:HeapBaseMinAddress
#     to set the Java Heap base and to place the Java Heap above 4GB virtual address.
# This output file may be truncated or incomplete.
#
#  Out of Memory Error (arena.cpp:168), pid=12692, tid=25716
#
# JRE version: OpenJDK Runtime Environment Microsoft-14941484 (21.0.12.1+1) (build 21.0.12.1+1-LTS)
# Java VM: OpenJDK 64-Bit Server VM Microsoft-14941484 (21.0.12.1+1-LTS, mixed mode, sharing, tiered, compressed oops, compressed class ptrs, g1 gc, windows-amd64)
# No core dump will be written. Minidumps are not enabled by default on client versions of Windows
#

---------------  S U M M A R Y ------------

Command Line: --enable-native-access=ALL-UNNAMED -Dclassworlds.conf=C:\Users\rakib\.m2\wrapper\dists\apache-maven-3.9.16\0daed3be3ebd1c706f0e69e8b07c6b73f5cc4ea3dfce72a8d0ec2e849ca2ddb0\bin\m2.conf -Dmaven.home=C:\Users\rakib\.m2\wrapper\dists\apache-maven-3.9.16\0daed3be3ebd1c706f0e69e8b07c6b73f5cc4ea3dfce72a8d0ec2e849ca2ddb0 -Dlibrary.jansi.path=C:\Users\rakib\.m2\wrapper\dists\apache-maven-3.9.16\0daed3be3ebd1c706f0e69e8b07c6b73f5cc4ea3dfce72a8d0ec2e849ca2ddb0\lib\jansi-native -Dmaven.multiModuleProjectDirectory=C:\Users\rakib\OneDrive\Documents\Skill Bridge\Backend\skillbridge\skillbridge org.codehaus.plexus.classworlds.launcher.Launcher -q -DskipTests compile

Host: AMD Ryzen 3 7320U with Radeon Graphics         , 8 cores, 5G,  Windows 11 , 64 bit Build 26100 (10.0.26100.9549)
Time: Thu Oct  1 19:58:20 2026 India Standard Time elapsed time: 16.980343 seconds (0d 0h 0m 16s)

---------------  T H R E A D  ---------------

Current thread (0x0000022d9c982e20):  JavaThread "C2 CompilerThread0" daemon [_thread_in_native, id=25716, stack(0x0000007956000000,0x0000007956100000) (1024K)]


Current CompileTask:
C2:16980 7432   !   4       lombok.javac.JavacAST::drill (146 bytes)

Stack: [0x0000007956000000,0x0000007956100000]
Native frames: (J=compiled Java code, j=interpreted, Vv=VM code, C=native code)
V  [jvm.dll+0x6e0c09]  (no source info available)
V  [jvm.dll+0x8c0e1b]  (no source info available)
V  [jvm.dll+0x8c33ad]  (no source info available)
V  [jvm.dll+0x8c3a83]  (no source info available)
V  [jvm.dll+0x28ac66]  (no source info available)
V  [jvm.dll+0xc91cd]  (no source info available)
V  [jvm.dll+0xc971c]  (no source info available)
V  [jvm.dll+0x3c896c]  (no source info available)
V  [jvm.dll+0x394f82]  (no source info available)
V  [jvm.dll+0x3943da]  (no source info available)
V  [jvm.dll+0x252840]  (no source info available)
V  [jvm.dll+0x251e6c]  (no source info available)
V  [jvm.dll+0x1d1c5f]  (no source info available)
V  [jvm.dll+0x261bda]  (no source info available)
V  [jvm.dll+0x25ff45]  (no source info available)
V  [jvm.dll+0x402695]  (no source info available)
V  [jvm.dll+0x86ba8d]  (no source info available)
V  [jvm.dll+0x6e21bd]  (no source info available)
C  [ucrtbase.dll+0x2cd30]  (no source info available)
C  [KERNEL32.DLL+0x2cdf7]  (no source info available)
C  [ntdll.dll+0x7ee4c]  (no source info available)


---------------  P R O C E S S  ---------------

Threads class SMR info:
_java_thread_list=0x0000022de20f0480, length=11, elements={
0x0000022d8084b630, 0x0000022d9c96f280, 0x0000022d9c972a60, 0x0000022d9c9772e0,
0x0000022d9c979230, 0x0000022d9c97bb10, 0x0000022d9c980d80, 0x0000022d9c982e20,
0x0000022d9c984bd0, 0x0000022d9cb36da0, 0x0000022d9cb4a4a0
}

Java Threads: ( => current thread )
  0x0000022d8084b630 JavaThread "main"                              [_thread_in_Java, id=14832, stack(0x0000007955200000,0x0000007955300000) (1024K)]
  0x0000022d9c96f280 JavaThread "Reference Handler"          daemon [_thread_blocked, id=20232, stack(0x0000007955a00000,0x0000007955b00000) (1024K)]
  0x0000022d9c972a60 JavaThread "Finalizer"                  daemon [_thread_blocked, id=30036, stack(0x0000007955b00000,0x0000007955c00000) (1024K)]
  0x0000022d9c9772e0 JavaThread "Signal Dispatcher"          daemon [_thread_blocked, id=27676, stack(0x0000007955c00000,0x0000007955d00000) (1024K)]
  0x0000022d9c979230 JavaThread "Attach Listener"            daemon [_thread_blocked, id=10992, stack(0x0000007955d00000,0x0000007955e00000) (1024K)]
  0x0000022d9c97bb10 JavaThread "Service Thread"             daemon [_thread_blocked, id=18788, stack(0x0000007955e00000,0x0000007955f00000) (1024K)]
  0x0000022d9c980d80 JavaThread "Monitor Deflation Thread"   daemon [_thread_blocked, id=26276, stack(0x0000007955f00000,0x0000007956000000) (1024K)]
=>0x0000022d9c982e20 JavaThread "C2 CompilerThread0"         daemon [_thread_in_native, id=25716, stack(0x0000007956000000,0x0000007956100000) (1024K)]
  0x0000022d9c984bd0 JavaThread "C1 CompilerThread0"         daemon [_thread_in_vm, id=21816, stack(0x0000007956100000,0x0000007956200000) (1024K)]
  0x0000022d9cb36da0 JavaThread "Notification Thread"        daemon [_thread_blocked, id=30564, stack(0x0000007956200000,0x0000007956300000) (1024K)]
  0x0000022d9cb4a4a0 JavaThread "Common-Cleaner"             daemon [_thread_blocked, id=27528, stack(0x0000007956300000,0x0000007956400000) (1024K)]
Total: 11

Other Threads:
  0x0000022d9c952e20 VMThread "VM Thread"                           [id=3332, stack(0x0000007955900000,0x0000007955a00000) (1024K)]
  0x0000022d9c93ad40 WatcherThread "VM Periodic Task Thread"        [id=26808, stack(0x0000007955800000,0x0000007955900000) (1024K)]
  0x0000022d80889810 WorkerThread "GC Thread#0"                     [id=29148, stack(0x0000007955300000,0x0000007955400000) (1024K)]
  0x0000022de25e2ef0 WorkerThread "GC Thread#1"                     [id=20284, stack(0x0000007956400000,0x0000007956500000) (1024K)]
  0x0000022de25a50f0 WorkerThread "GC Thread#2"                     [id=3588, stack(0x0000007956500000,0x0000007956600000) (1024K)]
  0x0000022de22c3730 WorkerThread "GC Thread#3"                     [id=9244, stack(0x0000007956600000,0x0000007956700000) (1024K)]
  0x0000022de2751be0 WorkerThread "GC Thread#4"                     [id=22704, stack(0x0000007956700000,0x0000007956800000) (1024K)]
  0x0000022de2751f90 WorkerThread "GC Thread#5"                     [id=33140, stack(0x0000007956800000,0x0000007956900000) (1024K)]
  0x0000022de28b0d70 WorkerThread "GC Thread#6"                     [id=22420, stack(0x0000007956900000,0x0000007956a00000) (1024K)]
  0x0000022de28b3130 WorkerThread "GC Thread#7"                     [id=32660, stack(0x0000007956a00000,0x0000007956b00000) (1024K)]
  0x0000022d80896f10 ConcurrentGCThread "G1 Main Marker"            [id=16440, stack(0x0000007955400000,0x0000007955500000) (1024K)]
  0x0000022d8089a1d0 WorkerThread "G1 Conc#0"                       [id=17824, stack(0x0000007955500000,0x0000007955600000) (1024K)]
  0x0000022d9ca86220 WorkerThread "G1 Conc#1"                       [id=14700, stack(0x0000007956b00000,0x0000007956c00000) (1024K)]
  0x0000022d9c8124c0 ConcurrentGCThread "G1 Refine#0"               [id=20012, stack(0x0000007955600000,0x0000007955700000) (1024K)]
  0x0000022d808fbad0 ConcurrentGCThread "G1 Service"                [id=13916, stack(0x0000007955700000,0x0000007955800000) (1024K)]
Total: 15

Threads with active compile tasks:
C2 CompilerThread0  17061 7432   !   4       lombok.javac.JavacAST::drill (146 bytes)
Total: 1

VM state: not at safepoint (normal execution)

VM Mutex/Monitor currently owned by a thread: None

Heap address: 0x00000000a4200000, size: 1470 MB, Compressed Oops mode: 32-bit

CDS archive(s) mapped at: [0x0000022d9d000000-0x0000022d9dc80000-0x0000022d9dc80000), size 13107200, SharedBaseAddress: 0x0000022d9d000000, ArchiveRelocationMode: 1.
Compressed class space mapped at: 0x0000022d9e000000-0x0000022dde000000, reserved size: 1073741824
Narrow klass base: 0x0000022d9d000000, Narrow klass shift: 0, Narrow klass range: 0x100000000

GC Precious Log:
 CardTable entry size: 512
 Card Set container configuration: InlinePtr #cards 5 size 8 Array Of Cards #cards 12 size 40 Howl #buckets 4 coarsen threshold 1843 Howl Bitmap #cards 512 size 80 coarsen threshold 460 Card regions per heap region 1 cards per card region 2048
 CPUs: 8 total, 8 available
 Memory: 5877M
 Large Page Support: Disabled
 NUMA Support: Disabled
 Compressed Oops: Enabled (32-bit)
 Heap Region Size: 1M
 Heap Min Capacity: 8M
 Heap Initial Capacity: 92M
 Heap Max Capacity: 1470M
 Pre-touch: Disabled
 Parallel Workers: 8
 Concurrent Workers: 2
 Concurrent Refinement Workers: 8
 Periodic GC: Disabled

Heap:
 garbage-first heap   total 143360K, used 102912K [0x00000000a4200000, 0x0000000100000000)
  region size 1024K, 59 young (60416K), 3 survivors (3072K)
 Metaspace       used 30282K, committed 30784K, reserved 1114112K
  class space    used 3427K, committed 3648K, reserved 1048576K

Heap Regions: E=young(eden), S=young(survivor), O=old, HS=humongous(starts), HC=humongous(continues), CS=collection set, F=free, TAMS=top-at-mark-start, PB=parsable bottom
|   0|0x00000000a4200000, 0x00000000a4300000, 0x00000000a4300000|100%| O|  |TAMS 0x00000000a4200000| PB 0x00000000a4200000| Untracked 
|   1|0x00000000a4300000, 0x00000000a4400000, 0x00000000a4400000|100%| O|  |TAMS 0x00000000a4300000| PB 0x00000000a4300000| Untracked 
|   2|0x00000000a4400000, 0x00000000a4500000, 0x00000000a4500000|100%| O|  |TAMS 0x00000000a4400000| PB 0x00000000a4400000| Untracked 
|   3|0x00000000a4500000, 0x00000000a4600000, 0x00000000a4600000|100%| O|  |TAMS 0x00000000a4500000| PB 0x00000000a4500000| Untracked 
|   4|0x00000000a4600000, 0x00000000a4700000, 0x00000000a4700000|100%| O|  |TAMS 0x00000000a4600000| PB 0x00000000a4600000| Untracked 
|   5|0x00000000a4700000, 0x00000000a4800000, 0x00000000a4800000|100%| O|  |TAMS 0x00000000a4700000| PB 0x00000000a4700000| Untracked 
|   6|0x00000000a4800000, 0x00000000a4900000, 0x00000000a4900000|100%| O|  |TAMS 0x00000000a4800000| PB 0x00000000a4800000| Untracked 
|   7|0x00000000a4900000, 0x00000000a4a00000, 0x00000000a4a00000|100%| O|  |TAMS 0x00000000a4900000| PB 0x00000000a4900000| Untracked 
|   8|0x00000000a4a00000, 0x00000000a4b00000, 0x00000000a4b00000|100%| O|  |TAMS 0x00000000a4a00000| PB 0x00000000a4a00000| Untracked 
|   9|0x00000000a4b00000, 0x00000000a4c00000, 0x00000000a4c00000|100%| O|  |TAMS 0x00000000a4b00000| PB 0x00000000a4b00000| Untracked 
|  10|0x00000000a4c00000, 0x00000000a4d00000, 0x00000000a4d00000|100%| O|  |TAMS 0x00000000a4c00000| PB 0x00000000a4c00000| Untracked 
|  11|0x00000000a4d00000, 0x00000000a4e00000, 0x00000000a4e00000|100%| O|  |TAMS 0x00000000a4d00000| PB 0x00000000a4d00000| Untracked 
|  12|0x00000000a4e00000, 0x00000000a4f00000, 0x00000000a4f00000|100%| O|  |TAMS 0x00000000a4e00000| PB 0x00000000a4e00000| Untracked 
|  13|0x00000000a4f00000, 0x00000000a5000000, 0x00000000a5000000|100%| O|  |TAMS 0x00000000a4f00000| PB 0x00000000a4f00000| Untracked 
|  14|0x00000000a5000000, 0x00000000a5100000, 0x00000000a5100000|100%|HS|  |TAMS 0x00000000a5000000| PB 0x00000000a5000000| Complete 
|  15|0x00000000a5100000, 0x00000000a5200000, 0x00000000a5200000|100%|HC|  |TAMS 0x00000000a5100000| PB 0x00000000a5100000| Complete 
|  16|0x00000000a5200000, 0x00000000a5300000, 0x00000000a5300000|100%| O|  |TAMS 0x00000000a5200000| PB 0x00000000a5200000| Untracked 
|  17|0x00000000a5300000, 0x00000000a5400000, 0x00000000a5400000|100%| O|  |TAMS 0x00000000a5300000| PB 0x00000000a5300000| Untracked 
|  18|0x00000000a5400000, 0x00000000a5500000, 0x00000000a5500000|100%|HS|  |TAMS 0x00000000a5400000| PB 0x00000000a5400000| Complete 
|  19|0x00000000a5500000, 0x00000000a5600000, 0x00000000a5600000|100%| O|  |TAMS 0x00000000a5500000| PB 0x00000000a5500000| Untracked 
|  20|0x00000000a5600000, 0x00000000a5700000, 0x00000000a5700000|100%| O|  |TAMS 0x00000000a5600000| PB 0x00000000a5600000| Untracked 
|  21|0x00000000a5700000, 0x00000000a5800000, 0x00000000a5800000|100%| O|  |TAMS 0x00000000a5700000| PB 0x00000000a5700000| Untracked 
|  22|0x00000000a5800000, 0x00000000a5900000, 0x00000000a5900000|100%| O|  |TAMS 0x00000000a5800000| PB 0x00000000a5800000| Untracked 
|  23|0x00000000a5900000, 0x00000000a5a00000, 0x00000000a5a00000|100%| O|  |TAMS 0x00000000a5900000| PB 0x00000000a5900000| Untracked 
|  24|0x00000000a5a00000, 0x00000000a5b00000, 0x00000000a5b00000|100%| O|  |TAMS 0x00000000a5a00000| PB 0x00000000a5a00000| Untracked 
|  25|0x00000000a5b00000, 0x00000000a5c00000, 0x00000000a5c00000|100%| O|  |TAMS 0x00000000a5b00000| PB 0x00000000a5b00000| Untracked 
|  26|0x00000000a5c00000, 0x00000000a5d00000, 0x00000000a5d00000|100%| O|  |TAMS 0x00000000a5c00000| PB 0x00000000a5c00000| Untracked 
|  27|0x00000000a5d00000, 0x00000000a5e00000, 0x00000000a5e00000|100%| O|  |TAMS 0x00000000a5d00000| PB 0x00000000a5d00000| Untracked 
|  28|0x00000000a5e00000, 0x00000000a5f00000, 0x00000000a5f00000|100%| O|  |TAMS 0x00000000a5e00000| PB 0x00000000a5e00000| Untracked 
|  29|0x00000000a5f00000, 0x00000000a6000000, 0x00000000a6000000|100%| O|  |TAMS 0x00000000a5f00000| PB 0x00000000a5f00000| Untracked 
|  30|0x00000000a6000000, 0x00000000a6100000, 0x00000000a6100000|100%| O|  |TAMS 0x00000000a6000000| PB 0x00000000a6000000| Untracked 
|  31|0x00000000a6100000, 0x00000000a6200000, 0x00000000a6200000|100%| O|  |TAMS 0x00000000a6100000| PB 0x00000000a6100000| Untracked 
|  32|0x00000000a6200000, 0x00000000a6300000, 0x00000000a6300000|100%| O|  |TAMS 0x00000000a6200000| PB 0x00000000a6200000| Untracked 
|  33|0x00000000a6300000, 0x00000000a6400000, 0x00000000a6400000|100%| O|  |TAMS 0x00000000a6300000| PB 0x00000000a6300000| Untracked 
|  34|0x00000000a6400000, 0x00000000a6400000, 0x00000000a6500000|  0%| F|  |TAMS 0x00000000a6400000| PB 0x00000000a6400000| Untracked 
|  35|0x00000000a6500000, 0x00000000a6500000, 0x00000000a6600000|  0%| F|  |TAMS 0x00000000a6500000| PB 0x00000000a6500000| Untracked 
|  36|0x00000000a6600000, 0x00000000a6600000, 0x00000000a6700000|  0%| F|  |TAMS 0x00000000a6600000| PB 0x00000000a6600000| Untracked 
|  37|0x00000000a6700000, 0x00000000a6700000, 0x00000000a6800000|  0%| F|  |TAMS 0x00000000a6700000| PB 0x00000000a6700000| Untracked 
|  38|0x00000000a6800000, 0x00000000a6800000, 0x00000000a6900000|  0%| F|  |TAMS 0x00000000a6800000| PB 0x00000000a6800000| Untracked 
|  39|0x00000000a6900000, 0x00000000a6900000, 0x00000000a6a00000|  0%| F|  |TAMS 0x00000000a6900000| PB 0x00000000a6900000| Untracked 
|  40|0x00000000a6a00000, 0x00000000a6a00000, 0x00000000a6b00000|  0%| F|  |TAMS 0x00000000a6a00000| PB 0x00000000a6a00000| Untracked 
|  41|0x00000000a6b00000, 0x00000000a6b00000, 0x00000000a6c00000|  0%| F|  |TAMS 0x00000000a6b00000| PB 0x00000000a6b00000| Untracked 
|  42|0x00000000a6c00000, 0x00000000a6c00000, 0x00000000a6d00000|  0%| F|  |TAMS 0x00000000a6c00000| PB 0x00000000a6c00000| Untracked 
|  43|0x00000000a6d00000, 0x00000000a6d00000, 0x00000000a6e00000|  0%| F|  |TAMS 0x00000000a6d00000| PB 0x00000000a6d00000| Untracked 
|  44|0x00000000a6e00000, 0x00000000a6e00000, 0x00000000a6f00000|  0%| F|  |TAMS 0x00000000a6e00000| PB 0x00000000a6e00000| Untracked 
|  45|0x00000000a6f00000, 0x00000000a6f00000, 0x00000000a7000000|  0%| F|  |TAMS 0x00000000a6f00000| PB 0x00000000a6f00000| Untracked 
|  46|0x00000000a7000000, 0x00000000a7000000, 0x00000000a7100000|  0%| F|  |TAMS 0x00000000a7000000| PB 0x00000000a7000000| Untracked 
|  47|0x00000000a7100000, 0x00000000a7100000, 0x00000000a7200000|  0%| F|  |TAMS 0x00000000a7100000| PB 0x00000000a7100000| Untracked 
|  48|0x00000000a7200000, 0x00000000a7200000, 0x00000000a7300000|  0%| F|  |TAMS 0x00000000a7200000| PB 0x00000000a7200000| Untracked 
|  49|0x00000000a7300000, 0x00000000a7380000, 0x00000000a7400000| 50%| S|CS|TAMS 0x00000000a7300000| PB 0x00000000a7300000| Complete 
|  50|0x00000000a7400000, 0x00000000a7500000, 0x00000000a7500000|100%| S|CS|TAMS 0x00000000a7400000| PB 0x00000000a7400000| Complete 
|  51|0x00000000a7500000, 0x00000000a7600000, 0x00000000a7600000|100%| S|CS|TAMS 0x00000000a7500000| PB 0x00000000a7500000| Complete 
|  52|0x00000000a7600000, 0x00000000a7600000, 0x00000000a7700000|  0%| F|  |TAMS 0x00000000a7600000| PB 0x00000000a7600000| Untracked 
|  53|0x00000000a7700000, 0x00000000a7700000, 0x00000000a7800000|  0%| F|  |TAMS 0x00000000a7700000| PB 0x00000000a7700000| Untracked 
|  54|0x00000000a7800000, 0x00000000a7800000, 0x00000000a7900000|  0%| F|  |TAMS 0x00000000a7800000| PB 0x00000000a7800000| Untracked 
|  55|0x00000000a7900000, 0x00000000a7900000, 0x00000000a7a00000|  0%| F|  |TAMS 0x00000000a7900000| PB 0x00000000a7900000| Untracked 
|  56|0x00000000a7a00000, 0x00000000a7a00000, 0x00000000a7b00000|  0%| F|  |TAMS 0x00000000a7a00000| PB 0x00000000a7a00000| Untracked 
|  57|0x00000000a7b00000, 0x00000000a7b00000, 0x00000000a7c00000|  0%| F|  |TAMS 0x00000000a7b00000| PB 0x00000000a7b00000| Untracked 
|  58|0x00000000a7c00000, 0x00000000a7c00000, 0x00000000a7d00000|  0%| F|  |TAMS 0x00000000a7c00000| PB 0x00000000a7c00000| Untracked 
|  59|0x00000000a7d00000, 0x00000000a7d00000, 0x00000000a7e00000|  0%| F|  |TAMS 0x00000000a7d00000| PB 0x00000000a7d00000| Untracked 
|  60|0x00000000a7e00000, 0x00000000a7e00000, 0x00000000a7f00000|  0%| F|  |TAMS 0x00000000a7e00000| PB 0x00000000a7e00000| Untracked 
|  61|0x00000000a7f00000, 0x00000000a7f00000, 0x00000000a8000000|  0%| F|  |TAMS 0x00000000a7f00000| PB 0x00000000a7f00000| Untracked 
|  62|0x00000000a8000000, 0x00000000a8000000, 0x00000000a8100000|  0%| F|  |TAMS 0x00000000a8000000| PB 0x00000000a8000000| Untracked 
|  63|0x00000000a8100000, 0x00000000a8100000, 0x00000000a8200000|  0%| F|  |TAMS 0x00000000a8100000| PB 0x00000000a8100000| Untracked 
|  64|0x00000000a8200000, 0x00000000a8200000, 0x00000000a8300000|  0%| F|  |TAMS 0x00000000a8200000| PB 0x00000000a8200000| Untracked 
|  65|0x00000000a8300000, 0x00000000a8300000, 0x00000000a8400000|  0%| F|  |TAMS 0x00000000a8300000| PB 0x00000000a8300000| Untracked 
|  66|0x00000000a8400000, 0x00000000a8400000, 0x00000000a8500000|  0%| F|  |TAMS 0x00000000a8400000| PB 0x00000000a8400000| Untracked 
|  67|0x00000000a8500000, 0x00000000a8500000, 0x00000000a8600000|  0%| F|  |TAMS 0x00000000a8500000| PB 0x00000000a8500000| Untracked 
|  68|0x00000000a8600000, 0x00000000a8600000, 0x00000000a8700000|  0%| F|  |TAMS 0x00000000a8600000| PB 0x00000000a8600000| Untracked 
|  69|0x00000000a8700000, 0x00000000a8700000, 0x00000000a8800000|  0%| F|  |TAMS 0x00000000a8700000| PB 0x00000000a8700000| Untracked 
|  70|0x00000000a8800000, 0x00000000a8800000, 0x00000000a8900000|  0%| F|  |TAMS 0x00000000a8800000| PB 0x00000000a8800000| Untracked 
|  71|0x00000000a8900000, 0x00000000a8900000, 0x00000000a8a00000|  0%| F|  |TAMS 0x00000000a8900000| PB 0x00000000a8900000| Untracked 
|  72|0x00000000a8a00000, 0x00000000a8a00000, 0x00000000a8b00000|  0%| F|  |TAMS 0x00000000a8a00000| PB 0x00000000a8a00000| Untracked 
|  73|0x00000000a8b00000, 0x00000000a8b00000, 0x00000000a8c00000|  0%| F|  |TAMS 0x00000000a8b00000| PB 0x00000000a8b00000| Untracked 
|  74|0x00000000a8c00000, 0x00000000a8c00000, 0x00000000a8d00000|  0%| F|  |TAMS 0x00000000a8c00000| PB 0x00000000a8c00000| Untracked 
|  75|0x00000000a8d00000, 0x00000000a8d80000, 0x00000000a8e00000| 50%| E|  |TAMS 0x00000000a8d00000| PB 0x00000000a8d00000| Complete 
|  76|0x00000000a8e00000, 0x00000000a8f00000, 0x00000000a8f00000|100%| E|CS|TAMS 0x00000000a8e00000| PB 0x00000000a8e00000| Complete 
|  77|0x00000000a8f00000, 0x00000000a9000000, 0x00000000a9000000|100%| E|CS|TAMS 0x00000000a8f00000| PB 0x00000000a8f00000| Complete 
|  78|0x00000000a9000000, 0x00000000a9100000, 0x00000000a9100000|100%| E|CS|TAMS 0x00000000a9000000| PB 0x00000000a9000000| Complete 
|  79|0x00000000a9100000, 0x00000000a9200000, 0x00000000a9200000|100%| E|CS|TAMS 0x00000000a9100000| PB 0x00000000a9100000| Complete 
|  80|0x00000000a9200000, 0x00000000a9300000, 0x00000000a9300000|100%| E|CS|TAMS 0x00000000a9200000| PB 0x00000000a9200000| Complete 
|  81|0x00000000a9300000, 0x00000000a9400000, 0x00000000a9400000|100%| E|CS|TAMS 0x00000000a9300000| PB 0x00000000a9300000| Complete 
|  82|0x00000000a9400000, 0x00000000a9500000, 0x00000000a9500000|100%| E|CS|TAMS 0x00000000a9400000| PB 0x00000000a9400000| Complete 
|  83|0x00000000a9500000, 0x00000000a9600000, 0x00000000a9600000|100%| E|CS|TAMS 0x00000000a9500000| PB 0x00000000a9500000| Complete 
|  84|0x00000000a9600000, 0x00000000a9700000, 0x00000000a9700000|100%| E|CS|TAMS 0x00000000a9600000| PB 0x00000000a9600000| Complete 
|  85|0x00000000a9700000, 0x00000000a9800000, 0x00000000a9800000|100%| E|CS|TAMS 0x00000000a9700000| PB 0x00000000a9700000| Complete 
|  86|0x00000000a9800000, 0x00000000a9900000, 0x00000000a9900000|100%| E|CS|TAMS 0x00000000a9800000| PB 0x00000000a9800000| Complete 
|  87|0x00000000a9900000, 0x00000000a9a00000, 0x00000000a9a00000|100%| E|CS|TAMS 0x00000000a9900000| PB 0x00000000a9900000| Complete 
|  88|0x00000000a9a00000, 0x00000000a9b00000, 0x00000000a9b00000|100%| E|CS|TAMS 0x00000000a9a00000| PB 0x00000000a9a00000| Complete 
|  89|0x00000000a9b00000, 0x00000000a9c00000, 0x00000000a9c00000|100%| E|CS|TAMS 0x00000000a9b00000| PB 0x00000000a9b00000| Complete 
|  90|0x00000000a9c00000, 0x00000000a9d00000, 0x00000000a9d00000|100%| E|CS|TAMS 0x00000000a9c00000| PB 0x00000000a9c00000| Complete 
|  91|0x00000000a9d00000, 0x00000000a9e00000, 0x00000000a9e00000|100%| E|CS|TAMS 0x00000000a9d00000| PB 0x00000000a9d00000| Complete 
|  92|0x00000000a9e00000, 0x00000000a9f00000, 0x00000000a9f00000|100%| E|CS|TAMS 0x00000000a9e00000| PB 0x00000000a9e00000| Complete 
|  93|0x00000000a9f00000, 0x00000000aa000000, 0x00000000aa000000|100%| E|CS|TAMS 0x00000000a9f00000| PB 0x00000000a9f00000| Complete 
|  94|0x00000000aa000000, 0x00000000aa100000, 0x00000000aa100000|100%| E|CS|TAMS 0x00000000aa000000| PB 0x00000000aa000000| Complete 
|  95|0x00000000aa100000, 0x00000000aa200000, 0x00000000aa200000|100%| E|CS|TAMS 0x00000000aa100000| PB 0x00000000aa100000| Complete 
|  96|0x00000000aa200000, 0x00000000aa300000, 0x00000000aa300000|100%| E|CS|TAMS 0x00000000aa200000| PB 0x00000000aa200000| Complete 
|  97|0x00000000aa300000, 0x00000000aa400000, 0x00000000aa400000|100%| E|CS|TAMS 0x00000000aa300000| PB 0x00000000aa300000| Complete 
|  98|0x00000000aa400000, 0x00000000aa500000, 0x00000000aa500000|100%| E|CS|TAMS 0x00000000aa400000| PB 0x00000000aa400000| Complete 
|  99|0x00000000aa500000, 0x00000000aa600000, 0x00000000aa600000|100%| E|CS|TAMS 0x00000000aa500000| PB 0x00000000aa500000| Complete 
| 100|0x00000000aa600000, 0x00000000aa700000, 0x00000000aa700000|100%| E|CS|TAMS 0x00000000aa600000| PB 0x00000000aa600000| Complete 
| 101|0x00000000aa700000, 0x00000000aa800000, 0x00000000aa800000|100%| E|CS|TAMS 0x00000000aa700000| PB 0x00000000aa700000| Complete 
| 102|0x00000000aa800000, 0x00000000aa900000, 0x00000000aa900000|100%| E|CS|TAMS 0x00000000aa800000| PB 0x00000000aa800000| Complete 
| 103|0x00000000aa900000, 0x00000000aaa00000, 0x00000000aaa00000|100%| E|CS|TAMS 0x00000000aa900000| PB 0x00000000aa900000| Complete 
| 104|0x00000000aaa00000, 0x00000000aab00000, 0x00000000aab00000|100%| E|CS|TAMS 0x00000000aaa00000| PB 0x00000000aaa00000| Complete 
| 105|0x00000000aab00000, 0x00000000aac00000, 0x00000000aac00000|100%| E|CS|TAMS 0x00000000aab00000| PB 0x00000000aab00000| Complete 
| 106|0x00000000aac00000, 0x00000000aad00000, 0x00000000aad00000|100%| E|CS|TAMS 0x00000000aac00000| PB 0x00000000aac00000| Complete 
| 107|0x00000000aad00000, 0x00000000aae00000, 0x00000000aae00000|100%| E|CS|TAMS 0x00000000aad00000| PB 0x00000000aad00000| Complete 
| 108|0x00000000aae00000, 0x00000000aaf00000, 0x00000000aaf00000|100%| E|CS|TAMS 0x00000000aae00000| PB 0x00000000aae00000| Complete 
| 109|0x00000000aaf00000, 0x00000000ab000000, 0x00000000ab000000|100%| E|CS|TAMS 0x00000000aaf00000| PB 0x00000000aaf00000| Complete 
| 110|0x00000000ab000000, 0x00000000ab100000, 0x00000000ab100000|100%| E|CS|TAMS 0x00000000ab000000| PB 0x00000000ab000000| Complete 
| 111|0x00000000ab100000, 0x00000000ab200000, 0x00000000ab200000|100%| E|CS|TAMS 0x00000000ab100000| PB 0x00000000ab100000| Complete 
| 112|0x00000000ab200000, 0x00000000ab300000, 0x00000000ab300000|100%| E|CS|TAMS 0x00000000ab200000| PB 0x00000000ab200000| Complete 
| 113|0x00000000ab300000, 0x00000000ab400000, 0x00000000ab400000|100%| E|CS|TAMS 0x00000000ab300000| PB 0x00000000ab300000| Complete 
| 114|0x00000000ab400000, 0x00000000ab500000, 0x00000000ab500000|100%| E|CS|TAMS 0x00000000ab400000| PB 0x00000000ab400000| Complete 
| 115|0x00000000ab500000, 0x00000000ab600000, 0x00000000ab600000|100%| E|CS|TAMS 0x00000000ab500000| PB 0x00000000ab500000| Complete 
| 116|0x00000000ab600000, 0x00000000ab700000, 0x00000000ab700000|100%| E|CS|TAMS 0x00000000ab600000| PB 0x00000000ab600000| Complete 
| 117|0x00000000ab700000, 0x00000000ab800000, 0x00000000ab800000|100%| E|CS|TAMS 0x00000000ab700000| PB 0x00000000ab700000| Complete 
| 118|0x00000000ab800000, 0x00000000ab900000, 0x00000000ab900000|100%| E|CS|TAMS 0x00000000ab800000| PB 0x00000000ab800000| Complete 
| 119|0x00000000ab900000, 0x00000000aba00000, 0x00000000aba00000|100%| E|CS|TAMS 0x00000000ab900000| PB 0x00000000ab900000| Complete 
| 120|0x00000000aba00000, 0x00000000abb00000, 0x00000000abb00000|100%| E|CS|TAMS 0x00000000aba00000| PB 0x00000000aba00000| Complete 
| 121|0x00000000abb00000, 0x00000000abc00000, 0x00000000abc00000|100%| E|CS|TAMS 0x00000000abb00000| PB 0x00000000abb00000| Complete 
| 122|0x00000000abc00000, 0x00000000abd00000, 0x00000000abd00000|100%| E|CS|TAMS 0x00000000abc00000| PB 0x00000000abc00000| Complete 
| 123|0x00000000abd00000, 0x00000000abe00000, 0x00000000abe00000|100%| E|CS|TAMS 0x00000000abd00000| PB 0x00000000abd00000| Complete 
| 124|0x00000000abe00000, 0x00000000abf00000, 0x00000000abf00000|100%| E|CS|TAMS 0x00000000abe00000| PB 0x00000000abe00000| Complete 
| 125|0x00000000abf00000, 0x00000000ac000000, 0x00000000ac000000|100%| E|CS|TAMS 0x00000000abf00000| PB 0x00000000abf00000| Complete 
| 126|0x00000000ac000000, 0x00000000ac100000, 0x00000000ac100000|100%| E|CS|TAMS 0x00000000ac000000| PB 0x00000000ac000000| Complete 
| 127|0x00000000ac100000, 0x00000000ac200000, 0x00000000ac200000|100%| E|CS|TAMS 0x00000000ac100000| PB 0x00000000ac100000| Complete 
| 128|0x00000000ac200000, 0x00000000ac300000, 0x00000000ac300000|100%| E|CS|TAMS 0x00000000ac200000| PB 0x00000000ac200000| Complete 
| 129|0x00000000ac300000, 0x00000000ac400000, 0x00000000ac400000|100%| E|CS|TAMS 0x00000000ac300000| PB 0x00000000ac300000| Complete 
| 130|0x00000000ac400000, 0x00000000ac500000, 0x00000000ac500000|100%| E|CS|TAMS 0x00000000ac400000| PB 0x00000000ac400000| Complete 
|1461|0x00000000ff700000, 0x00000000ff800000, 0x00000000ff800000|100%| O|  |TAMS 0x00000000ff700000| PB 0x00000000ff700000| Untracked 
|1462|0x00000000ff800000, 0x00000000ff900000, 0x00000000ff900000|100%| O|  |TAMS 0x00000000ff800000| PB 0x00000000ff800000| Untracked 
|1463|0x00000000ff900000, 0x00000000ffa00000, 0x00000000ffa00000|100%| O|  |TAMS 0x00000000ff900000| PB 0x00000000ff900000| Untracked 
|1464|0x00000000ffa00000, 0x00000000ffb00000, 0x00000000ffb00000|100%| O|  |TAMS 0x00000000ffa00000| PB 0x00000000ffa00000| Untracked 
|1465|0x00000000ffb00000, 0x00000000ffc00000, 0x00000000ffc00000|100%| O|  |TAMS 0x00000000ffb00000| PB 0x00000000ffb00000| Untracked 
|1466|0x00000000ffc00000, 0x00000000ffd00000, 0x00000000ffd00000|100%| O|  |TAMS 0x00000000ffc00000| PB 0x00000000ffc00000| Untracked 
|1467|0x00000000ffd00000, 0x00000000ffe00000, 0x00000000ffe00000|100%| O|  |TAMS 0x00000000ffd00000| PB 0x00000000ffd00000| Untracked 
|1468|0x00000000ffe00000, 0x00000000fff00000, 0x00000000fff00000|100%| O|  |TAMS 0x00000000ffe00000| PB 0x00000000ffe00000| Untracked 
|1469|0x00000000fff00000, 0x0000000100000000, 0x0000000100000000|100%| O|  |TAMS 0x00000000fff00000| PB 0x00000000fff00000| Untracked 

Card table byte_map: [0x0000022d98590000,0x0000022d98870000] _byte_map_base: 0x0000022d9806f000

Marking Bits: (CMBitMap*) 0x0000022d80889f20
 Bits: [0x0000022d98870000, 0x0000022d99f68000)

Polling page: 0x0000022d80000000

Metaspace:

Usage:
  Non-class:     26.23 MB used.
      Class:      3.35 MB used.
       Both:     29.57 MB used.

Virtual space:
  Non-class space:       64.00 MB reserved,      26.50 MB ( 41%) committed,  1 nodes.
      Class space:        1.00 GB reserved,       3.56 MB ( <1%) committed,  1 nodes.
             Both:        1.06 GB reserved,      30.06 MB (  3%) committed. 

Chunk freelists:
   Non-Class:  4.59 MB
       Class:  12.42 MB
        Both:  17.01 MB

MaxMetaspaceSize: unlimited
CompressedClassSpaceSize: 1.00 GB
Initial GC threshold: 21.00 MB
Current GC threshold: 35.44 MB
CDS: on
 - commit_granule_bytes: 65536.
 - commit_granule_words: 8192.
 - virtual_space_node_default_size: 8388608.
 - enlarge_chunks_in_place: 1.
 - use_allocation_guard: 0.


Internal statistics:

num_allocs_failed_limit: 3.
num_arena_births: 480.
num_arena_deaths: 0.
num_vsnodes_births: 2.
num_vsnodes_deaths: 0.
num_space_committed: 481.
num_space_uncommitted: 0.
num_chunks_returned_to_freelist: 3.
num_chunks_taken_from_freelist: 1636.
num_chunk_merges: 3.
num_chunk_splits: 1130.
num_chunks_enlarged: 825.
num_inconsistent_stats: 0.

CodeHeap 'non-profiled nmethods': size=120000Kb used=3692Kb max_used=3692Kb free=116307Kb
 bounds [0x0000022d90a40000, 0x0000022d90de0000, 0x0000022d97f70000]
CodeHeap 'profiled nmethods': size=120000Kb used=17680Kb max_used=17680Kb free=102319Kb
 bounds [0x0000022d88f70000, 0x0000022d8a0c0000, 0x0000022d904a0000]
CodeHeap 'non-nmethods': size=5760Kb used=1379Kb max_used=1440Kb free=4380Kb
 bounds [0x0000022d904a0000, 0x0000022d90710000, 0x0000022d90a40000]
CodeCache: size=245760Kb, used=22751Kb, max_used=22812Kb, free=223006Kb
 total_blobs=8358, nmethods=7818, adapters=444, full_count=0
Compilation: enabled, stopped_count=0, restarted_count=0

Compilation events (20 events):
Event: 16.917 Thread 0x0000022d9c984bd0 7859       2       com.sun.tools.javac.comp.TypeEnter$BasicConstructorHelper::constructorType (49 bytes)
Event: 16.918 Thread 0x0000022d9c984bd0 nmethod 7859 0x0000022d8a0a9f10 code [0x0000022d8a0aa0e0, 0x0000022d8a0aa4e0]
Event: 16.918 Thread 0x0000022d9c984bd0 7860       3       com.sun.tools.javac.code.Types::isSubtypeUncheckedInternal (163 bytes)
Event: 16.919 Thread 0x0000022d9c984bd0 nmethod 7860 0x0000022d8a0aa610 code [0x0000022d8a0aaa00, 0x0000022d8a0ac588]
Event: 16.929 Thread 0x0000022d9c984bd0 7861       2       lombok.javac.handlers.JavacHandlerUtil::namePlusTypeParamsToTypeReference (160 bytes)
Event: 16.930 Thread 0x0000022d9c984bd0 nmethod 7861 0x0000022d8a0acd10 code [0x0000022d8a0acf60, 0x0000022d8a0ad4c0]
Event: 16.934 Thread 0x0000022d9c984bd0 7863       2       lombok.javac.Javac::getDocComment (41 bytes)
Event: 16.935 Thread 0x0000022d9c984bd0 nmethod 7863 0x0000022d8a0ad910 code [0x0000022d8a0adb80, 0x0000022d8a0ae1f0]
Event: 16.935 Thread 0x0000022d9c984bd0 7864       2       lombok.javac.Javac$JavadocOps_8::getJavadoc (26 bytes)
Event: 16.936 Thread 0x0000022d9c984bd0 nmethod 7864 0x0000022d8a0ae590 code [0x0000022d8a0ae760, 0x0000022d8a0ae9d0]
Event: 16.936 Thread 0x0000022d9c984bd0 7865       2       lombok.core.handlers.HandlerUtil::addJavadocLine (60 bytes)
Event: 16.936 Thread 0x0000022d9c984bd0 nmethod 7865 0x0000022d8a0aeb90 code [0x0000022d8a0aedc0, 0x0000022d8a0af298]
Event: 16.938 Thread 0x0000022d9c984bd0 7866       3       com.sun.tools.javac.code.Types::checkUnsafeVarargsConversion (125 bytes)
Event: 16.939 Thread 0x0000022d9c984bd0 nmethod 7866 0x0000022d8a0af590 code [0x0000022d8a0af800, 0x0000022d8a0b0500]
Event: 16.954 Thread 0x0000022d9c984bd0 7867       2       com.sun.tools.javac.tree.JCTree$JCReturn::accept (6 bytes)
Event: 16.954 Thread 0x0000022d9c984bd0 nmethod 7867 0x0000022d8a0b0910 code [0x0000022d8a0b0ac0, 0x0000022d8a0b0c00]
Event: 16.954 Thread 0x0000022d9c984bd0 7868       2       com.sun.tools.javac.tree.TreeScanner::visitReturn (9 bytes)
Event: 16.955 Thread 0x0000022d9c984bd0 nmethod 7868 0x0000022d8a0b0c90 code [0x0000022d8a0b0e40, 0x0000022d8a0b0f78]
Event: 16.967 Thread 0x0000022d9c984bd0 7869       2       lombok.core.AnnotationValues::getInstance (52 bytes)
Event: 16.967 Thread 0x0000022d9c984bd0 nmethod 7869 0x0000022d8a0b1090 code [0x0000022d8a0b1260, 0x0000022d8a0b16c8]

GC Heap History (18 events):
Event: 3.001 GC heap before
{Heap before GC invocations=0 (full 0):
 garbage-first heap   total 94208K, used 22528K [0x00000000a4200000, 0x0000000100000000)
  region size 1024K, 23 young (23552K), 0 survivors (0K)
 Metaspace       used 5641K, committed 5888K, reserved 1114112K
  class space    used 664K, committed 768K, reserved 1048576K
}
Event: 3.012 GC heap after
{Heap after GC invocations=1 (full 0):
 garbage-first heap   total 94208K, used 3656K [0x00000000a4200000, 0x0000000100000000)
  region size 1024K, 3 young (3072K), 3 survivors (3072K)
 Metaspace       used 5641K, committed 5888K, reserved 1114112K
  class space    used 664K, committed 768K, reserved 1048576K
}
Event: 3.875 GC heap before
{Heap before GC invocations=1 (full 0):
 garbage-first heap   total 94208K, used 35400K [0x00000000a4200000, 0x0000000100000000)
  region size 1024K, 34 young (34816K), 3 survivors (3072K)
 Metaspace       used 8581K, committed 8704K, reserved 1114112K
  class space    used 1028K, committed 1088K, reserved 1048576K
}
Event: 3.883 GC heap after
{Heap after GC invocations=2 (full 0):
 garbage-first heap   total 94208K, used 5379K [0x00000000a4200000, 0x0000000100000000)
  region size 1024K, 2 young (2048K), 2 survivors (2048K)
 Metaspace       used 8581K, committed 8704K, reserved 1114112K
  class space    used 1028K, committed 1088K, reserved 1048576K
}
Event: 5.898 GC heap before
{Heap before GC invocations=2 (full 0):
 garbage-first heap   total 94208K, used 59651K [0x00000000a4200000, 0x0000000100000000)
  region size 1024K, 55 young (56320K), 2 survivors (2048K)
 Metaspace       used 15207K, committed 15424K, reserved 1114112K
  class space    used 1826K, committed 1920K, reserved 1048576K
}
Event: 5.916 GC heap after
{Heap after GC invocations=3 (full 0):
 garbage-first heap   total 94208K, used 11264K [0x00000000a4200000, 0x0000000100000000)
  region size 1024K, 7 young (7168K), 7 survivors (7168K)
 Metaspace       used 15207K, committed 15424K, reserved 1114112K
  class space    used 1826K, committed 1920K, reserved 1048576K
}
Event: 7.521 GC heap before
{Heap before GC invocations=3 (full 0):
 garbage-first heap   total 94208K, used 60416K [0x00000000a4200000, 0x0000000100000000)
  region size 1024K, 55 young (56320K), 7 survivors (7168K)
 Metaspace       used 16079K, committed 16384K, reserved 1114112K
  class space    used 1879K, committed 1984K, reserved 1048576K
}
Event: 7.541 GC heap after
{Heap after GC invocations=4 (full 0):
 garbage-first heap   total 94208K, used 14848K [0x00000000a4200000, 0x0000000100000000)
  region size 1024K, 4 young (4096K), 4 survivors (4096K)
 Metaspace       used 16079K, committed 16384K, reserved 1114112K
  class space    used 1879K, committed 1984K, reserved 1048576K
}
Event: 10.461 GC heap before
{Heap before GC invocations=4 (full 0):
 garbage-first heap   total 94208K, used 70144K [0x00000000a4200000, 0x0000000100000000)
  region size 1024K, 55 young (56320K), 4 survivors (4096K)
 Metaspace       used 20213K, committed 20480K, reserved 1114112K
  class space    used 2343K, committed 2432K, reserved 1048576K
}
Event: 10.473 GC heap after
{Heap after GC invocations=5 (full 0):
 garbage-first heap   total 94208K, used 19456K [0x00000000a4200000, 0x0000000100000000)
  region size 1024K, 6 young (6144K), 6 survivors (6144K)
 Metaspace       used 20213K, committed 20480K, reserved 1114112K
  class space    used 2343K, committed 2432K, reserved 1048576K
}
Event: 10.653 GC heap before
{Heap before GC invocations=5 (full 0):
 garbage-first heap   total 94208K, used 30720K [0x00000000a4200000, 0x0000000100000000)
  region size 1024K, 16 young (16384K), 6 survivors (6144K)
 Metaspace       used 21204K, committed 21504K, reserved 1114112K
  class space    used 2500K, committed 2688K, reserved 1048576K
}
Event: 10.664 GC heap after
{Heap after GC invocations=6 (full 0):
 garbage-first heap   total 94208K, used 24470K [0x00000000a4200000, 0x0000000100000000)
  region size 1024K, 7 young (7168K), 7 survivors (7168K)
 Metaspace       used 21204K, committed 21504K, reserved 1114112K
  class space    used 2500K, committed 2688K, reserved 1048576K
}
Event: 13.115 GC heap before
{Heap before GC invocations=7 (full 0):
 garbage-first heap   total 86016K, used 73622K [0x00000000a4200000, 0x0000000100000000)
  region size 1024K, 55 young (56320K), 7 survivors (7168K)
 Metaspace       used 26486K, committed 26816K, reserved 1114112K
  class space    used 3052K, committed 3200K, reserved 1048576K
}
Event: 13.160 GC heap after
{Heap after GC invocations=8 (full 0):
 garbage-first heap   total 97280K, used 37782K [0x00000000a4200000, 0x0000000100000000)
  region size 1024K, 7 young (7168K), 7 survivors (7168K)
 Metaspace       used 26486K, committed 26816K, reserved 1114112K
  class space    used 3052K, committed 3200K, reserved 1048576K
}
Event: 13.915 GC heap before
{Heap before GC invocations=8 (full 0):
 garbage-first heap   total 97280K, used 75670K [0x00000000a4200000, 0x0000000100000000)
  region size 1024K, 44 young (45056K), 7 survivors (7168K)
 Metaspace       used 27138K, committed 27520K, reserved 1114112K
  class space    used 3091K, committed 3264K, reserved 1048576K
}
Event: 13.941 GC heap after
{Heap after GC invocations=9 (full 0):
 garbage-first heap   total 97280K, used 44032K [0x00000000a4200000, 0x0000000100000000)
  region size 1024K, 6 young (6144K), 6 survivors (6144K)
 Metaspace       used 27138K, committed 27520K, reserved 1114112K
  class space    used 3091K, committed 3264K, reserved 1048576K
}
Event: 15.463 GC heap before
{Heap before GC invocations=9 (full 0):
 garbage-first heap   total 97280K, used 77824K [0x00000000a4200000, 0x0000000100000000)
  region size 1024K, 40 young (40960K), 6 survivors (6144K)
 Metaspace       used 28904K, committed 29248K, reserved 1114112K
  class space    used 3274K, committed 3456K, reserved 1048576K
}
Event: 15.479 GC heap after
{Heap after GC invocations=10 (full 0):
 garbage-first heap   total 143360K, used 46592K [0x00000000a4200000, 0x0000000100000000)
  region size 1024K, 3 young (3072K), 3 survivors (3072K)
 Metaspace       used 28904K, committed 29248K, reserved 1114112K
  class space    used 3274K, committed 3456K, reserved 1048576K
}

Dll operation events (16 events):
Event: 0.012 Attempting to load shared library C:\Program Files\Microsoft\jdk-21.0.12.101-hotspot\bin\java.dll
Event: 0.013 Loaded shared library C:\Program Files\Microsoft\jdk-21.0.12.101-hotspot\bin\java.dll
Event: 0.048 Attempting to load shared library C:\Program Files\Microsoft\jdk-21.0.12.101-hotspot\bin\jsvml.dll
Event: 0.049 Loaded shared library C:\Program Files\Microsoft\jdk-21.0.12.101-hotspot\bin\jsvml.dll
Event: 0.071 Attempting to load shared library C:\Program Files\Microsoft\jdk-21.0.12.101-hotspot\bin\net.dll
Event: 0.076 Loaded shared library C:\Program Files\Microsoft\jdk-21.0.12.101-hotspot\bin\net.dll
Event: 0.080 Attempting to load shared library C:\Program Files\Microsoft\jdk-21.0.12.101-hotspot\bin\nio.dll
Event: 0.083 Loaded shared library C:\Program Files\Microsoft\jdk-21.0.12.101-hotspot\bin\nio.dll
Event: 0.204 Attempting to load shared library C:\Program Files\Microsoft\jdk-21.0.12.101-hotspot\bin\zip.dll
Event: 0.208 Loaded shared library C:\Program Files\Microsoft\jdk-21.0.12.101-hotspot\bin\zip.dll
Event: 2.001 Attempting to load shared library C:\Program Files\Microsoft\jdk-21.0.12.101-hotspot\bin\jimage.dll
Event: 2.001 Loaded shared library C:\Program Files\Microsoft\jdk-21.0.12.101-hotspot\bin\jimage.dll
Event: 2.006 Attempting to load shared library C:\Users\rakib\.m2\wrapper\dists\apache-maven-3.9.16\0daed3be3ebd1c706f0e69e8b07c6b73f5cc4ea3dfce72a8d0ec2e849ca2ddb0\lib\jansi-native\Windows\x86_64\jansi.dll
Event: 2.025 Loaded shared library C:\Users\rakib\.m2\wrapper\dists\apache-maven-3.9.16\0daed3be3ebd1c706f0e69e8b07c6b73f5cc4ea3dfce72a8d0ec2e849ca2ddb0\lib\jansi-native\Windows\x86_64\jansi.dll
Event: 2.050 Attempting to load shared library C:\Program Files\Microsoft\jdk-21.0.12.101-hotspot\bin\verify.dll
Event: 2.068 Loaded shared library C:\Program Files\Microsoft\jdk-21.0.12.101-hotspot\bin\verify.dll

Deoptimization events (20 events):
Event: 16.353 Thread 0x0000022d8084b630 Uncommon trap: trap_request=0xffffffde fr.pc=0x0000022d90d69974 relative=0x0000000000001034
Event: 16.353 Thread 0x0000022d8084b630 Uncommon trap: reason=class_check action=maybe_recompile pc=0x0000022d90d69974 method=com.sun.tools.javac.code.DeferredCompletionFailureHandler.classSymbolCompleteFailed(Lcom/sun/tools/javac/code/Symbol$ClassSymbol;Lcom/sun/tools/javac/code/Symbol$Complet
Event: 16.353 Thread 0x0000022d8084b630 DEOPT PACKING pc=0x0000022d90d69974 sp=0x00000079552fc1b0
Event: 16.353 Thread 0x0000022d8084b630 DEOPT UNPACKING pc=0x0000022d904f4422 sp=0x00000079552fc128 mode 2
Event: 16.355 Thread 0x0000022d8084b630 Uncommon trap: trap_request=0xffffff45 fr.pc=0x0000022d90c58ef0 relative=0x00000000000001b0
Event: 16.355 Thread 0x0000022d8084b630 Uncommon trap: reason=unstable_if action=reinterpret pc=0x0000022d90c58ef0 method=java.util.IdentityHashMap.maskNull(Ljava/lang/Object;)Ljava/lang/Object; @ 1 c2
Event: 16.355 Thread 0x0000022d8084b630 DEOPT PACKING pc=0x0000022d90c58ef0 sp=0x00000079552fd150
Event: 16.355 Thread 0x0000022d8084b630 DEOPT UNPACKING pc=0x0000022d904f4422 sp=0x00000079552fd078 mode 2
Event: 16.355 Thread 0x0000022d8084b630 Uncommon trap: trap_request=0xffffff45 fr.pc=0x0000022d90c614e4 relative=0x0000000000000044
Event: 16.355 Thread 0x0000022d8084b630 Uncommon trap: reason=unstable_if action=reinterpret pc=0x0000022d90c614e4 method=java.util.IdentityHashMap.maskNull(Ljava/lang/Object;)Ljava/lang/Object; @ 1 c2
Event: 16.355 Thread 0x0000022d8084b630 DEOPT PACKING pc=0x0000022d90c614e4 sp=0x00000079552fd0e0
Event: 16.355 Thread 0x0000022d8084b630 DEOPT UNPACKING pc=0x0000022d904f4422 sp=0x00000079552fd080 mode 2
Event: 16.593 Thread 0x0000022d8084b630 Uncommon trap: trap_request=0xffffff45 fr.pc=0x0000022d90dc3634 relative=0x0000000000001674
Event: 16.593 Thread 0x0000022d8084b630 Uncommon trap: reason=unstable_if action=reinterpret pc=0x0000022d90dc3634 method=lombok.core.AST.setAndGetAsHandled(Ljava/lang/Object;)Z @ 11 c2
Event: 16.593 Thread 0x0000022d8084b630 DEOPT PACKING pc=0x0000022d90dc3634 sp=0x00000079552fce70
Event: 16.593 Thread 0x0000022d8084b630 DEOPT UNPACKING pc=0x0000022d904f4422 sp=0x00000079552fccc8 mode 2
Event: 16.665 Thread 0x0000022d8084b630 DEOPT PACKING pc=0x0000022d89f3f796 sp=0x00000079552fcbb0
Event: 16.665 Thread 0x0000022d8084b630 DEOPT UNPACKING pc=0x0000022d904f4bc2 sp=0x00000079552fc0a8 mode 0
Event: 16.783 Thread 0x0000022d8084b630 DEOPT PACKING pc=0x0000022d8a0457ee sp=0x00000079552fd020
Event: 16.783 Thread 0x0000022d8084b630 DEOPT UNPACKING pc=0x0000022d904f4bc2 sp=0x00000079552fc508 mode 0

Classes loaded (20 events):
Event: 15.170 Loading class java/io/PushbackInputStream
Event: 15.171 Loading class java/io/PushbackInputStream done
Event: 15.559 Loading class java/util/Collections$UnmodifiableSortedSet
Event: 15.560 Loading class java/util/Collections$UnmodifiableSortedSet done
Event: 15.581 Loading class java/util/IdentityHashMap$EntrySet
Event: 15.582 Loading class java/util/IdentityHashMap$EntrySet done
Event: 15.582 Loading class java/util/IdentityHashMap$EntryIterator
Event: 15.582 Loading class java/util/IdentityHashMap$EntryIterator done
Event: 15.582 Loading class java/util/IdentityHashMap$EntryIterator$Entry
Event: 15.583 Loading class java/util/IdentityHashMap$EntryIterator$Entry done
Event: 15.604 Loading class java/util/function/UnaryOperator
Event: 15.604 Loading class java/util/function/UnaryOperator done
Event: 15.633 Loading class java/util/regex/Pattern$Caret
Event: 15.633 Loading class java/util/regex/Pattern$Caret done
Event: 16.225 Loading class java/util/regex/Pattern$SliceI
Event: 16.226 Loading class java/util/regex/Pattern$SliceI done
Event: 16.229 Loading class java/util/regex/Pattern$Loop
Event: 16.230 Loading class java/util/regex/Pattern$Loop done
Event: 16.230 Loading class java/util/regex/Pattern$Prolog
Event: 16.230 Loading class java/util/regex/Pattern$Prolog done

Classes unloaded (0 events):
No events

Classes redefined (0 events):
No events

Internal exceptions (20 events):
Event: 14.510 Thread 0x0000022d8084b630 Implicit null exception at 0x0000022d90ba8478 to 0x0000022d90ba891c
Event: 14.554 Thread 0x0000022d8084b630 Implicit null exception at 0x0000022d90c41315 to 0x0000022d90c414f0
Event: 15.893 Thread 0x0000022d8084b630 Implicit null exception at 0x0000022d90c6054b to 0x0000022d90c60bb4
Event: 16.117 Thread 0x0000022d8084b630 Exception <a 'java/lang/NoSuchMethodError'{0x00000000aafea370}: 'java.lang.Object java.lang.invoke.DirectMethodHandle$Holder.invokeVirtual(java.lang.Object, java.lang.Object, java.lang.Object, java.lang.Object)'> (0x00000000aafea370) 
thrown [s\src\hotspot\share\interpreter\linkResolver.cpp, line 773]
Event: 16.124 Thread 0x0000022d8084b630 Exception <a 'java/lang/NoSuchMethodError'{0x00000000aae04ee0}: 'void java.lang.invoke.DirectMethodHandle$Holder.invokeInterface(java.lang.Object, java.lang.Object, java.lang.Object, int)'> (0x00000000aae04ee0) 
thrown [s\src\hotspot\share\interpreter\linkResolver.cpp, line 773]
Event: 16.126 Thread 0x0000022d8084b630 Exception <a 'java/lang/NoSuchMethodError'{0x00000000aae0c668}: 'void java.lang.invoke.DelegatingMethodHandle$Holder.reinvoke_L(java.lang.Object, java.lang.Object, java.lang.Object, int)'> (0x00000000aae0c668) 
thrown [s\src\hotspot\share\interpreter\linkResolver.cpp, line 773]
Event: 16.275 Thread 0x0000022d8084b630 Exception <a 'java/lang/NoSuchMethodError'{0x00000000aa7914d0}: 'long java.lang.invoke.DirectMethodHandle$Holder.invokeStatic(java.lang.Object, java.lang.Object, int)'> (0x00000000aa7914d0) 
thrown [s\src\hotspot\share\interpreter\linkResolver.cpp, line 773]
Event: 16.276 Thread 0x0000022d8084b630 Exception <a 'java/lang/NoSuchMethodError'{0x00000000aa799178}: 'java.lang.Object java.lang.invoke.DirectMethodHandle$Holder.invokeSpecial(java.lang.Object, java.lang.Object, java.lang.Object, long, java.lang.Object)'> (0x00000000aa799178) 
thrown [s\src\hotspot\share\interpreter\linkResolver.cpp, line 773]
Event: 16.276 Thread 0x0000022d8084b630 Exception <a 'java/lang/NoSuchMethodError'{0x00000000aa79ce48}: 'java.lang.Object java.lang.invoke.DelegatingMethodHandle$Holder.reinvoke_L(java.lang.Object, java.lang.Object, long, java.lang.Object)'> (0x00000000aa79ce48) 
thrown [s\src\hotspot\share\interpreter\linkResolver.cpp, line 773]
Event: 16.278 Thread 0x0000022d8084b630 Exception <a 'java/lang/NoSuchMethodError'{0x00000000aa7aeb98}: 'java.lang.Object java.lang.invoke.DirectMethodHandle$Holder.invokeVirtual(java.lang.Object, java.lang.Object, java.lang.Object, java.lang.Object, java.lang.Object, java.lang.Object)'> (0x00000000aa7aeb98) 
thrown [s\src\hotspot\share\interpreter\linkResolver.cpp, line 773]
Event: 16.281 Thread 0x0000022d8084b630 Exception <a 'java/lang/NoSuchMethodError'{0x00000000aa7c1f30}: 'java.lang.Object java.lang.invoke.DirectMethodHandle$Holder.invokeStatic(java.lang.Object, java.lang.Object, int)'> (0x00000000aa7c1f30) 
thrown [s\src\hotspot\share\interpreter\linkResolver.cpp, line 773]
Event: 16.282 Thread 0x0000022d8084b630 Exception <a 'java/lang/NoSuchMethodError'{0x00000000aa7c65c8}: 'void java.lang.invoke.DirectMethodHandle$Holder.invokeStatic(java.lang.Object, java.lang.Object, int, java.lang.Object)'> (0x00000000aa7c65c8) 
thrown [s\src\hotspot\share\interpreter\linkResolver.cpp, line 773]
Event: 16.283 Thread 0x0000022d8084b630 Exception <a 'java/lang/NoSuchMethodError'{0x00000000aa7cd920}: 'void java.lang.invoke.DelegatingMethodHandle$Holder.delegate(java.lang.Object, java.lang.Object, int, java.lang.Object)'> (0x00000000aa7cd920) 
thrown [s\src\hotspot\share\interpreter\linkResolver.cpp, line 773]
Event: 16.291 Thread 0x0000022d8084b630 Exception <a 'java/lang/NoSuchMethodError'{0x00000000aa7ff950}: 'java.lang.Object java.lang.invoke.DirectMethodHandle$Holder.invokeVirtual(java.lang.Object, java.lang.Object, java.lang.Object, java.lang.Object, java.lang.Object, java.lang.Object, java.lang.Object, java.lang.Object, java.lang.Object, java.lang.Object)'> (0x00000000aa7ff950) 
thrown [s\src\hotspot\share\interpreter\linkResolver.cpp, line 773]
Event: 16.333 Thread 0x0000022d8084b630 Exception <a 'java/lang/NoSuchMethodError'{0x00000000aa6c0a18}: 'void java.lang.invoke.DirectMethodHandle$Holder.invokeVirtual(java.lang.Object, java.lang.Object, java.lang.Object, java.lang.Object)'> (0x00000000aa6c0a18) 
thrown [s\src\hotspot\share\interpreter\linkResolver.cpp, line 773]
Event: 16.343 Thread 0x0000022d8084b630 Exception <a 'java/lang/NoSuchMethodError'{0x00000000aa6e3080}: 'java.lang.Object java.lang.invoke.DirectMethodHandle$Holder.invokeVirtual(java.lang.Object, java.lang.Object, long)'> (0x00000000aa6e3080) 
thrown [s\src\hotspot\share\interpreter\linkResolver.cpp, line 773]
Event: 16.345 Thread 0x0000022d8084b630 Exception <a 'java/lang/NoSuchMethodError'{0x00000000aa6f08a0}: 'java.lang.Object java.lang.invoke.DirectMethodHandle$Holder.invokeVirtual(java.lang.Object, java.lang.Object, java.lang.Object, java.lang.Object, java.lang.Object, java.lang.Object, java.lang.Object, java.lang.Object)'> (0x00000000aa6f08a0) 
thrown [s\src\hotspot\share\interpreter\linkResolver.cpp, line 773]
Event: 16.355 Thread 0x0000022d8084b630 Implicit null exception at 0x0000022d90c58d7d to 0x0000022d90c58edc
Event: 16.429 Thread 0x0000022d8084b630 Exception <a 'java/lang/NoSuchMethodError'{0x00000000aa3303f0}: 'java.lang.Object java.lang.invoke.DirectMethodHandle$Holder.invokeVirtual(java.lang.Object, java.lang.Object, java.lang.Object, java.lang.Object, java.lang.Object, java.lang.Object, java.lang.Object)'> (0x00000000aa3303f0) 
thrown [s\src\hotspot\share\interpreter\linkResolver.cpp, line 773]
Event: 16.444 Thread 0x0000022d8084b630 Exception <a 'java/lang/NoSuchMethodError'{0x00000000aa3881d0}: 'java.lang.Object java.lang.invoke.DirectMethodHandle$Holder.invokeVirtual(java.lang.Object, java.lang.Object, java.lang.Object, java.lang.Object, java.lang.Object)'> (0x00000000aa3881d0) 
thrown [s\src\hotspot\share\interpreter\linkResolver.cpp, line 773]

ZGC Phase Switch (0 events):
No events

VM Operations (20 events):
Event: 13.115 Executing safepoint VM operation: G1CollectForAllocation (G1 Evacuation Pause)
Event: 13.160 Executing safepoint VM operation: G1CollectForAllocation (G1 Evacuation Pause) done
Event: 13.495 Executing safepoint VM operation: ICBufferFull
Event: 13.496 Executing safepoint VM operation: ICBufferFull done
Event: 13.915 Executing safepoint VM operation: G1CollectForAllocation (G1 Evacuation Pause)
Event: 13.941 Executing safepoint VM operation: G1CollectForAllocation (G1 Evacuation Pause) done
Event: 14.199 Executing safepoint VM operation: ICBufferFull
Event: 14.199 Executing safepoint VM operation: ICBufferFull done
Event: 14.219 Executing non-safepoint VM operation: HandshakeAllThreads (Deoptimize)
Event: 14.219 Executing non-safepoint VM operation: HandshakeAllThreads (Deoptimize) done
Event: 15.232 Executing safepoint VM operation: Cleanup
Event: 15.232 Executing safepoint VM operation: Cleanup done
Event: 15.463 Executing safepoint VM operation: G1CollectForAllocation (G1 Evacuation Pause)
Event: 15.479 Executing safepoint VM operation: G1CollectForAllocation (G1 Evacuation Pause) done
Event: 16.336 Executing safepoint VM operation: ICBufferFull
Event: 16.336 Executing safepoint VM operation: ICBufferFull done
Event: 16.407 Executing non-safepoint VM operation: HandshakeAllThreads (Deoptimize)
Event: 16.407 Executing non-safepoint VM operation: HandshakeAllThreads (Deoptimize) done
Event: 16.513 Executing safepoint VM operation: ICBufferFull
Event: 16.513 Executing safepoint VM operation: ICBufferFull done

Memory protections (0 events):
No events

Nmethod flushes (0 events):
No events

Events (13 events):
Event: 0.031 Thread 0x0000022d8084b630 Thread added: 0x0000022d8084b630
Event: 0.046 Thread 0x0000022d8084b630 Thread added: 0x0000022d9c96f280
Event: 0.046 Thread 0x0000022d8084b630 Thread added: 0x0000022d9c972a60
Event: 0.047 Thread 0x0000022d8084b630 Thread added: 0x0000022d9c9772e0
Event: 0.047 Thread 0x0000022d8084b630 Thread added: 0x0000022d9c979230
Event: 0.047 Thread 0x0000022d8084b630 Thread added: 0x0000022d9c97bb10
Event: 0.047 Thread 0x0000022d8084b630 Thread added: 0x0000022d9c980d80
Event: 0.047 Thread 0x0000022d8084b630 Thread added: 0x0000022d9c982e20
Event: 0.047 Thread 0x0000022d8084b630 Thread added: 0x0000022d9c984bd0
Event: 0.064 Thread 0x0000022d8084b630 Thread added: 0x0000022d9cb36da0
Event: 0.067 Thread 0x0000022d8084b630 Thread added: 0x0000022d9cb4a4a0
Event: 1.998 Thread 0x0000022d8084b630 Thread added: 0x0000022d9cdaa0f0
Event: 2.114 Thread 0x0000022d9cdaa0f0 Thread exited: 0x0000022d9cdaa0f0


Dynamic libraries:
0x00007ff79fa40000 - 0x00007ff79fa4e000 	C:\Program Files\Microsoft\jdk-21.0.12.101-hotspot\bin\java.exe
0x00007fff70da0000 - 0x00007fff71007000 	C:\WINDOWS\SYSTEM32\ntdll.dll
0x00007fff37110000 - 0x00007fff37131000 	C:\Program Files\Avast Software\Avast\aswhook.dll
0x00007fff6fde0000 - 0x00007fff6feab000 	C:\WINDOWS\System32\KERNEL32.DLL
0x00007fff6e490000 - 0x00007fff6e891000 	C:\WINDOWS\System32\KERNELBASE.dll
0x00007fff6e280000 - 0x00007fff6e3cc000 	C:\WINDOWS\System32\ucrtbase.dll
0x00007fff58e80000 - 0x00007fff58e98000 	C:\Program Files\Microsoft\jdk-21.0.12.101-hotspot\bin\jli.dll
0x00007fff6eb50000 - 0x00007fff6ed27000 	C:\WINDOWS\System32\USER32.dll
0x00007fff6ea90000 - 0x00007fff6eab7000 	C:\WINDOWS\System32\win32u.dll
0x00007fff70690000 - 0x00007fff706bb000 	C:\WINDOWS\System32\GDI32.dll
0x00007fff6e8a0000 - 0x00007fff6e9c8000 	C:\WINDOWS\System32\gdi32full.dll
0x00007fff6e3e0000 - 0x00007fff6e483000 	C:\WINDOWS\System32\msvcp_win.dll
0x00007fff4d300000 - 0x00007fff4d31e000 	C:\Program Files\Microsoft\jdk-21.0.12.101-hotspot\bin\VCRUNTIME140.dll
0x00007fff4c6d0000 - 0x00007fff4c960000 	C:\WINDOWS\WinSxS\amd64_microsoft.windows.common-controls_6595b64144ccf1df_6.0.26100.9549_none_3e0a0396e3330090\COMCTL32.dll
0x00007fff6ed30000 - 0x00007fff6edd9000 	C:\WINDOWS\System32\msvcrt.dll
0x00007fff6ef80000 - 0x00007fff6efb1000 	C:\WINDOWS\System32\IMM32.DLL
0x00007fff5a3f0000 - 0x00007fff5a3fc000 	C:\Program Files\Microsoft\jdk-21.0.12.101-hotspot\bin\vcruntime140_1.dll
0x00007fff291f0000 - 0x00007fff29279000 	C:\Program Files\Microsoft\jdk-21.0.12.101-hotspot\bin\msvcp140.dll
0x00007ffe783f0000 - 0x00007ffe7919f000 	C:\Program Files\Microsoft\jdk-21.0.12.101-hotspot\bin\server\jvm.dll
0x00007fff6fad0000 - 0x00007fff6fb8b000 	C:\WINDOWS\System32\ADVAPI32.dll
0x00007fff70740000 - 0x00007fff707e8000 	C:\WINDOWS\System32\sechost.dll
0x00007fff707f0000 - 0x00007fff70908000 	C:\WINDOWS\System32\RPCRT4.dll
0x00007fff6f2b0000 - 0x00007fff6f331000 	C:\WINDOWS\System32\WS2_32.dll
0x00007fff63d20000 - 0x00007fff63d2b000 	C:\WINDOWS\SYSTEM32\VERSION.dll
0x00007fff64210000 - 0x00007fff64247000 	C:\WINDOWS\SYSTEM32\WINMM.dll
0x00007fff6ddf0000 - 0x00007fff6de4e000 	C:\WINDOWS\SYSTEM32\POWRPROF.dll
0x00007fff6ddd0000 - 0x00007fff6dde5000 	C:\WINDOWS\SYSTEM32\UMPDC.dll
0x00007fff6cc40000 - 0x00007fff6cc5b000 	C:\WINDOWS\SYSTEM32\kernel.appcore.dll
0x00007fff59e90000 - 0x00007fff59e9a000 	C:\Program Files\Microsoft\jdk-21.0.12.101-hotspot\bin\jimage.dll
0x00007fff6b530000 - 0x00007fff6b77c000 	C:\WINDOWS\SYSTEM32\DBGHELP.DLL
0x00007fff70910000 - 0x00007fff70c9a000 	C:\WINDOWS\System32\combase.dll
0x00007fff6f340000 - 0x00007fff6f419000 	C:\WINDOWS\System32\OLEAUT32.dll
0x00007fff5dc80000 - 0x00007fff5dcbb000 	C:\WINDOWS\SYSTEM32\dbgcore.DLL
0x00007fff6e9d0000 - 0x00007fff6ea7c000 	C:\WINDOWS\System32\bcryptPrimitives.dll
0x00007fff3c840000 - 0x00007fff3c861000 	C:\Program Files\Microsoft\jdk-21.0.12.101-hotspot\bin\java.dll
0x00007fff6feb0000 - 0x00007fff7064c000 	C:\WINDOWS\System32\SHELL32.dll
0x00007fff6b9e0000 - 0x00007fff6c28d000 	C:\WINDOWS\SYSTEM32\windows.storage.dll
0x00007fff6efc0000 - 0x00007fff6f0b9000 	C:\WINDOWS\System32\SHCORE.dll
0x00007fff706d0000 - 0x00007fff70736000 	C:\WINDOWS\System32\shlwapi.dll
0x00007fff6deb0000 - 0x00007fff6ded9000 	C:\WINDOWS\SYSTEM32\profapi.dll
0x00007fff183e0000 - 0x00007fff184b6000 	C:\Program Files\Microsoft\jdk-21.0.12.101-hotspot\bin\jsvml.dll
0x00007fff3cbb0000 - 0x00007fff3cbc1000 	C:\Program Files\Microsoft\jdk-21.0.12.101-hotspot\bin\net.dll
0x00007fff63110000 - 0x00007fff6323a000 	C:\WINDOWS\SYSTEM32\WINHTTP.dll
0x00007fff6d200000 - 0x00007fff6d26c000 	C:\WINDOWS\system32\mswsock.dll
0x00007fff36780000 - 0x00007fff36796000 	C:\Program Files\Microsoft\jdk-21.0.12.101-hotspot\bin\nio.dll
0x00007fff36760000 - 0x00007fff36778000 	C:\Program Files\Microsoft\jdk-21.0.12.101-hotspot\bin\zip.dll
0x00007fff36700000 - 0x00007fff36724000 	C:\Users\rakib\.m2\wrapper\dists\apache-maven-3.9.16\0daed3be3ebd1c706f0e69e8b07c6b73f5cc4ea3dfce72a8d0ec2e849ca2ddb0\lib\jansi-native\Windows\x86_64\jansi.dll
0x00007fff58e70000 - 0x00007fff58e80000 	C:\Program Files\Microsoft\jdk-21.0.12.101-hotspot\bin\verify.dll

JVMTI agents: none

dbghelp: loaded successfully - version: 4.0.5 - missing functions: none
symbol engine: initialized successfully - sym options: 0x614 - pdb path: .;C:\Program Files\Microsoft\jdk-21.0.12.101-hotspot\bin;C:\WINDOWS\SYSTEM32;C:\Program Files\Avast Software\Avast;C:\WINDOWS\WinSxS\amd64_microsoft.windows.common-controls_6595b64144ccf1df_6.0.26100.9549_none_3e0a0396e3330090;C:\Program Files\Microsoft\jdk-21.0.12.101-hotspot\bin\server;C:\Users\rakib\.m2\wrapper\dists\apache-maven-3.9.16\0daed3be3ebd1c706f0e69e8b07c6b73f5cc4ea3dfce72a8d0ec2e849ca2ddb0\lib\jansi-native\Windows\x86_64

VM Arguments:
jvm_args: --enable-native-access=ALL-UNNAMED -Dclassworlds.conf=C:\Users\rakib\.m2\wrapper\dists\apache-maven-3.9.16\0daed3be3ebd1c706f0e69e8b07c6b73f5cc4ea3dfce72a8d0ec2e849ca2ddb0\bin\m2.conf -Dmaven.home=C:\Users\rakib\.m2\wrapper\dists\apache-maven-3.9.16\0daed3be3ebd1c706f0e69e8b07c6b73f5cc4ea3dfce72a8d0ec2e849ca2ddb0 -Dlibrary.jansi.path=C:\Users\rakib\.m2\wrapper\dists\apache-maven-3.9.16\0daed3be3ebd1c706f0e69e8b07c6b73f5cc4ea3dfce72a8d0ec2e849ca2ddb0\lib\jansi-native -Dmaven.multiModuleProjectDirectory=C:\Users\rakib\OneDrive\Documents\Skill Bridge\Backend\skillbridge\skillbridge 
java_command: org.codehaus.plexus.classworlds.launcher.Launcher -q -DskipTests compile
java_class_path (initial): C:\Users\rakib\.m2\wrapper\dists\apache-maven-3.9.16\0daed3be3ebd1c706f0e69e8b07c6b73f5cc4ea3dfce72a8d0ec2e849ca2ddb0\boot\plexus-classworlds-2.11.0.jar
Launcher Type: SUN_STANDARD

[Global flags]
     intx CICompilerCount                          = 4                                         {product} {ergonomic}
     uint ConcGCThreads                            = 2                                         {product} {ergonomic}
     uint G1ConcRefinementThreads                  = 8                                         {product} {ergonomic}
   size_t G1HeapRegionSize                         = 1048576                                   {product} {ergonomic}
    uintx GCDrainStackTargetSize                   = 64                                        {product} {ergonomic}
   size_t InitialHeapSize                          = 96468992                                  {product} {ergonomic}
   size_t MarkStackSize                            = 4194304                                   {product} {ergonomic}
   size_t MaxHeapSize                              = 1541406720                                {product} {ergonomic}
   size_t MaxNewSize                               = 924844032                                 {product} {ergonomic}
   size_t MinHeapDeltaBytes                        = 1048576                                   {product} {ergonomic}
   size_t MinHeapSize                              = 8388608                                   {product} {ergonomic}
    uintx NonNMethodCodeHeapSize                   = 5839372                                {pd product} {ergonomic}
    uintx NonProfiledCodeHeapSize                  = 122909434                              {pd product} {ergonomic}
    uintx ProfiledCodeHeapSize                     = 122909434                              {pd product} {ergonomic}
    uintx ReservedCodeCacheSize                    = 251658240                              {pd product} {ergonomic}
     bool SegmentedCodeCache                       = true                                      {product} {ergonomic}
   size_t SoftMaxHeapSize                          = 1541406720                             {manageable} {ergonomic}
     bool UseCompressedOops                        = true                           {product lp64_product} {ergonomic}
     bool UseG1GC                                  = true                                      {product} {ergonomic}
     bool UseLargePagesIndividualAllocation        = false                                  {pd product} {ergonomic}

Logging:
Log output configuration:
 #0: stdout all=warning uptime,level,tags foldmultilines=false
 #1: stderr all=off uptime,level,tags foldmultilines=false

Release file:
IMPLEMENTOR="Microsoft" 
IMPLEMENTOR_VERSION="Microsoft-14941484" 
JAVA_RUNTIME_VERSION="21.0.12.1+1-LTS" 
JAVA_VERSION="21.0.12.1" 
JAVA_VERSION_DATE="2026-08-18" 
LIBC="default" 
MODULES="java.base java.compiler java.datatransfer java.xml java.prefs java.desktop java.instrument java.logging java.management java.security.sasl java.naming java.rmi java.management.rmi java.net.http java.scripting java.security.jgss java.transaction.xa java.sql java.sql.rowset java.xml.crypto java.se java.smartcardio jdk.accessibility jdk.internal.jvmstat jdk.attach jdk.charsets jdk.internal.opt jdk.zipfs jdk.compiler jdk.crypto.ec jdk.crypto.cryptoki jdk.crypto.mscapi jdk.dynalink jdk.internal.ed jdk.editpad jdk.hotspot.agent jdk.httpserver jdk.incubator.vector jdk.internal.le jdk.internal.vm.ci jdk.internal.vm.compiler jdk.internal.vm.compiler.management jdk.jartool jdk.javadoc jdk.jcmd jdk.management jdk.management.agent jdk.jconsole jdk.jdeps jdk.jdwp.agent jdk.jdi jdk.jfr jdk.jlink jdk.jpackage jdk.jshell jdk.jsobject jdk.jstatd jdk.localedata jdk.management.jfr jdk.naming.dns jdk.naming.rmi jdk.net jdk.nio.mapmode jdk.random jdk.sctp jdk.security.auth jdk.security.jgss jdk.unsupported jdk.unsupported.desktop jdk.xml.dom" 
OS_ARCH="x86_64" 
OS_NAME="Windows" 
SOURCE=".:git:6f26c6b2b098" 

Environment Variables:
JAVA_HOME=C:\Program Files\Microsoft\jdk-21.0.12.101-hotspot\
PATH=C:\Program Files\Microsoft\jdk-21.0.12.101-hotspot\bin;C:\Python314\Scripts\;C:\Python314\;C:\Program Files\Common Files\Oracle\Java\javapath;C:\WINDOWS\system32;C:\WINDOWS;C:\WINDOWS\System32\Wbem;C:\WINDOWS\System32\WindowsPowerShell\v1.0\;C:\WINDOWS\System32\OpenSSH\;C:\Program Files\Java\jdk-20\bin;C:\Program Files\nodejs\;C:\ProgramData\chocolatey\bin;C:\Program Files\Git\cmd;C:\Program Files\MySQL\MySQL Shell 8.0\bin\;C:\Users\rakib\.console-ninja\.bin;C:\Users\rakib\AppData\Local\Microsoft\WindowsApps;C:\Users\rakib\AppData\Local\Programs\Microsoft VS Code\bin;C:\Program Files\JetBrains\IntelliJ IDEA Community Edition 2024.3.4\bin;;C:\Users\rakib\AppData\Local\Microsoft\WindowsApps;C:\Users\rakib\AppData\Roaming\npm
USERNAME=rakib
OS=Windows_NT
PROCESSOR_IDENTIFIER=AMD64 Family 23 Model 160 Stepping 0, AuthenticAMD
TMP=C:\Users\rakib\AppData\Local\Temp
TEMP=C:\Users\rakib\AppData\Local\Temp




Periodic native trim disabled

---------------  S Y S T E M  ---------------

OS:
 Windows 11 , 64 bit Build 26100 (10.0.26100.9549)
OS uptime: 2 days 1:08 hours
Hyper-V role detected

CPU: total 8 (initial active 8) (8 cores per cpu, 2 threads per core) family 23 model 160 stepping 0 microcode 0x8a00006, cx8, cmov, fxsr, ht, mmx, 3dnowpref, sse, sse2, sse3, ssse3, sse4a, sse4.1, sse4.2, popcnt, lzcnt, tsc, tscinvbit, avx, avx2, aes, clmul, bmi1, bmi2, adx, sha, fma, vzeroupper, clflush, clflushopt, hv, rdtscp, rdpid, f16c
Processor Information for the first 8 processors :
  Max Mhz: 2401, Current Mhz: 2401, Mhz Limit: 2401

Memory: 4k page, system-wide physical 5877M (169M free)
TotalPageFile size 24309M (AvailPageFile size 2M)
current process WorkingSet (physical memory assigned to process): 290M, peak: 290M
current process commit charge ("private bytes"): 322M, peak: 324M

vm_info: OpenJDK 64-Bit Server VM (21.0.12.1+1-LTS) for windows-amd64 JRE (21.0.12.1+1-LTS), built on 2026-08-11T20:50:01Z by "MicrosoftCorporation" with MS VC++ 17.14 (VS2022)

END.
